2026-09-23 14:03:05 | INFO     | notify | [109c33cf] received order #15 | product=PlayStation 5 Pro | EUR 799.0
2026-09-23 14:03:06 | INFO     | notify | [109c33cf] order #15 | email SENT | customer notified
2026-09-23 14:03:06 | INFO     | notify | [109c33cf] order #15 | pipeline complete | elapsed=1s
2026-09-23 14:03:06 | INFO     | notify | [bbfcb570] received order #16 | product=Nintendo Switch 2 | EUR 469.0
2026-09-23 14:03:07 | INFO     | notify | [bbfcb570] order #16 | email SENT | customer notified
2026-09-23 14:03:07 | INFO     | notify | [bbfcb570] order #16 | pipeline complete | elapsed=1s
2026-09-23 14:03:07 | INFO     | notify | [6393cbe3] received order #17 | product=DeLonghi Magnifica Evo | EUR 379.0
2026-09-23 14:03:08 | INFO     | notify | [6393cbe3] order #17 | email SENT | customer notified
2026-09-23 14:03:08 | INFO     | notify | [6393cbe3] order #17 | pipeline complete | elapsed=1s
2026-09-23 14:03:08 | INFO     | notify | [9c1563bb] received order #18 | product=Miele Boost CX1 | EUR 349.0
2026-09-23 14:03:09 | INFO     | notify | [9c1563bb] order #18 | email SENT | customer notified
2026-09-23 14:03:09 | INFO     | notify | [9c1563bb] order #18 | pipeline complete | elapsed=1s
2026-09-23 14:03:09 | INFO     | notify | [3db035a8] received order #19 | product=Philips Hue Starter Kit E27 | EUR 79.99
2026-09-23 14:03:10 | INFO     | notify | [3db035a8] order #19 | email SENT | customer notified
2026-09-23 14:03:10 | INFO     | notify | [3db035a8] order #19 | pipeline complete | elapsed=1s
2026-09-23 14:03:10 | INFO     | notify | [036f2ee3] received order #20 | product=Dyson V15 Detect | EUR 549.0
2026-09-23 14:03:11 | INFO     | notify | [036f2ee3] order #20 | email SENT | customer notified
2026-09-23 14:03:11 | INFO     | notify | [036f2ee3] order #20 | pipeline complete | elapsed=1s
2026-09-23 14:46:40 | INFO     | notify | [5becee87] received order #21 | product=Samsung Galaxy Tab S10+ | EUR 799.0
2026-09-23 14:46:41 | INFO     | notify | [5becee87] order #21 | email SENT | customer notified
2026-09-23 14:46:41 | INFO     | notify | [5becee87] order #21 | pipeline complete | elapsed=1s
2026-09-23 15:10:03 | INFO     | notify | [dea90107] received order #22 | product=Apple iPhone 16 128GB | EUR 799.0
2026-09-23 15:10:04 | INFO     | notify | [dea90107] order #22 | email SENT | customer notified
2026-09-23 15:10:04 | INFO     | notify | [dea90107] order #22 | pipeline complete | elapsed=1s
2026-09-23 15:10:04 | INFO     | notify | [1752e396] received order #23 | product=Apple iPhone 16 128GB | EUR 799.0
2026-09-23 15:10:05 | INFO     | notify | [1752e396] order #23 | email SENT | customer notified
2026-09-23 15:10:05 | INFO     | notify | [1752e396] order #23 | pipeline complete | elapsed=1s
2026-09-23 15:10:05 | INFO     | notify | [3523551b] received order #24 | product=Apple iPhone 16 128GB | EUR 799.0
2026-09-23 15:10:06 | INFO     | notify | [3523551b] order #24 | email SENT | customer notified
2026-09-23 15:10:06 | INFO     | notify | [3523551b] order #24 | pipeline complete | elapsed=1s
2026-09-23 15:10:06 | INFO     | notify | [a3d97a22] received order #25 | product=Apple iPhone 16 128GB | EUR 799.0
2026-09-23 15:10:07 | INFO     | notify | [a3d97a22] order #25 | email SENT | customer notified
2026-09-23 15:10:07 | INFO     | notify | [a3d97a22] order #25 | pipeline complete | elapsed=1s
2026-09-23 15:10:07 | INFO     | notify | [da156d51] received order #26 | product=Apple iPhone 16 128GB | EUR 799.0
2026-09-23 15:10:08 | INFO     | notify | [da156d51] order #26 | email SENT | customer notified
2026-09-23 15:10:08 | INFO     | notify | [da156d51] order #26 | pipeline complete | elapsed=1s
2026-09-23 15:10:08 | INFO     | notify | [187eff63] received order #27 | product=Apple iPhone 16 128GB | EUR 799.0
2026-09-23 15:10:09 | INFO     | notify | [187eff63] order #27 | email SENT | customer notified
2026-09-23 15:10:09 | INFO     | notify | [187eff63] order #27 | pipeline complete | elapsed=1s
2026-09-23 15:10:09 | INFO     | notify | [863cd82e] received order #28 | product=Apple iPhone 16 128GB | EUR 799.0
2026-09-23 15:10:10 | INFO     | notify | [863cd82e] order #28 | email SENT | customer notified
2026-09-23 15:10:10 | INFO     | notify | [863cd82e] order #28 | pipeline complete | elapsed=1s
2026-09-23 15:10:10 | INFO     | notify | [25ea408e] received order #29 | product=Apple iPhone 16 128GB | EUR 799.0
2026-09-23 15:10:11 | INFO     | notify | [25ea408e] order #29 | email SENT | customer notified
2026-09-23 15:10:11 | INFO     | notify | [25ea408e] order #29 | pipeline complete | elapsed=1s
2026-09-23 15:10:11 | INFO     | notify | [f608bd2b] received order #30 | product=Apple iPhone 16 128GB | EUR 799.0
2026-09-23 15:10:12 | INFO     | notify | [f608bd2b] order #30 | email SENT | customer notified
2026-09-23 15:10:12 | INFO     | notify | [f608bd2b] order #30 | pipeline complete | elapsed=1s
2026-09-23 15:10:12 | INFO     | notify | [6ba56cda] received order #31 | product=Apple iPhone 16 128GB | EUR 799.0
2026-09-23 15:10:13 | INFO     | notify | [6ba56cda] order #31 | email SENT | customer notified
2026-09-23 15:10:13 | INFO     | notify | [6ba56cda] order #31 | pipeline complete | elapsed=1s
2026-09-23 15:10:13 | INFO     | notify | [663001f1] received order #32 | product=Apple iPhone 16 128GB | EUR 799.0
2026-09-23 15:10:14 | INFO     | notify | [663001f1] order #32 | email SENT | customer notified
2026-09-23 15:10:14 | INFO     | notify | [663001f1] order #32 | pipeline complete | elapsed=1s
2026-09-23 15:10:14 | INFO     | notify | [eab2d8db] received order #33 | product=Samsung Galaxy S24 128GB | EUR 699.0
2026-09-23 15:10:15 | INFO     | notify | [eab2d8db] order #33 | email SENT | customer notified
2026-09-23 15:10:15 | INFO     | notify | [eab2d8db] order #33 | pipeline complete | elapsed=1s
2026-09-23 15:10:15 | INFO     | notify | [1b809de0] received order #34 | product=Samsung Galaxy S24 128GB | EUR 699.0
2026-09-23 15:10:16 | INFO     | notify | [1b809de0] order #34 | email SENT | customer notified
2026-09-23 15:10:16 | INFO     | notify | [1b809de0] order #34 | pipeline complete | elapsed=1s
2026-09-23 15:10:16 | INFO     | notify | [7ab6976f] received order #35 | product=Samsung Galaxy S24 128GB | EUR 699.0
2026-09-23 15:10:17 | INFO     | notify | [7ab6976f] order #35 | email SENT | customer notified
2026-09-23 15:10:17 | INFO     | notify | [7ab6976f] order #35 | pipeline complete | elapsed=1s
2026-09-23 15:10:17 | INFO     | notify | [727d3268] received order #36 | product=Samsung Galaxy S24 128GB | EUR 699.0
2026-09-23 15:10:18 | INFO     | notify | [727d3268] order #36 | email SENT | customer notified
2026-09-23 15:10:18 | INFO     | notify | [727d3268] order #36 | pipeline complete | elapsed=1s
2026-09-23 15:10:18 | INFO     | notify | [ed91322a] received order #37 | product=Samsung Galaxy S24 128GB | EUR 699.0
2026-09-23 15:10:19 | INFO     | notify | [ed91322a] order #37 | email SENT | customer notified
2026-09-23 15:10:19 | INFO     | notify | [ed91322a] order #37 | pipeline complete | elapsed=1s
2026-09-23 15:10:19 | INFO     | notify | [4c99c651] received order #38 | product=Samsung Galaxy S24 128GB | EUR 699.0
2026-09-23 15:10:20 | INFO     | notify | [4c99c651] order #38 | email SENT | customer notified
2026-09-23 15:10:20 | INFO     | notify | [4c99c651] order #38 | pipeline complete | elapsed=1s
2026-09-23 15:10:20 | INFO     | notify | [36b2b36b] received order #39 | product=Samsung Galaxy S24 128GB | EUR 699.0
2026-09-23 15:10:21 | INFO     | notify | [36b2b36b] order #39 | email SENT | customer notified
2026-09-23 15:10:21 | INFO     | notify | [36b2b36b] order #39 | pipeline complete | elapsed=1s
2026-09-23 15:10:21 | INFO     | notify | [96335c08] received order #40 | product=Samsung Galaxy S24 128GB | EUR 699.0
2026-09-23 15:10:22 | INFO     | notify | [96335c08] order #40 | email SENT | customer notified
2026-09-23 15:10:22 | INFO     | notify | [96335c08] order #40 | pipeline complete | elapsed=1s
2026-09-23 15:10:22 | INFO     | notify | [1b9a1e4f] received order #41 | product=Samsung Galaxy S24 128GB | EUR 699.0
2026-09-23 15:10:23 | INFO     | notify | [1b9a1e4f] order #41 | email SENT | customer notified
2026-09-23 15:10:23 | INFO     | notify | [1b9a1e4f] order #41 | pipeline complete | elapsed=1s
2026-09-23 15:10:23 | INFO     | notify | [f906fec3] received order #42 | product=Samsung Galaxy S24 128GB | EUR 699.0
2026-09-23 15:10:24 | INFO     | notify | [f906fec3] order #42 | email SENT | customer notified
2026-09-23 15:10:24 | INFO     | notify | [f906fec3] order #42 | pipeline complete | elapsed=1s
2026-09-23 15:10:24 | INFO     | notify | [c639cfac] received order #43 | product=Samsung Galaxy S24 128GB | EUR 699.0
2026-09-23 15:10:25 | INFO     | notify | [c639cfac] order #43 | email SENT | customer notified
2026-09-23 15:10:25 | INFO     | notify | [c639cfac] order #43 | pipeline complete | elapsed=1s
2026-09-23 15:10:25 | INFO     | notify | [d2b40c3f] received order #44 | product=Samsung Galaxy S24 128GB | EUR 699.0
2026-09-23 15:10:26 | INFO     | notify | [d2b40c3f] order #44 | email SENT | customer notified
2026-09-23 15:10:26 | INFO     | notify | [d2b40c3f] order #44 | pipeline complete | elapsed=1s
2026-09-23 15:10:26 | INFO     | notify | [14b0027e] received order #45 | product=Xiaomi 14 512GB | EUR 649.0
2026-09-23 15:10:27 | INFO     | notify | [14b0027e] order #45 | email SENT | customer notified
2026-09-23 15:10:27 | INFO     | notify | [14b0027e] order #45 | pipeline complete | elapsed=1s
2026-09-23 15:10:27 | INFO     | notify | [ce546264] received order #46 | product=Xiaomi 14 512GB | EUR 649.0
2026-09-23 15:10:28 | INFO     | notify | [ce546264] order #46 | email SENT | customer notified
2026-09-23 15:10:28 | INFO     | notify | [ce546264] order #46 | pipeline complete | elapsed=1s
2026-09-23 15:10:28 | INFO     | notify | [3784e5c0] received order #47 | product=Xiaomi 14 512GB | EUR 649.0
2026-09-23 15:10:29 | INFO     | notify | [3784e5c0] order #47 | email SENT | customer notified
2026-09-23 15:10:29 | INFO     | notify | [3784e5c0] order #47 | pipeline complete | elapsed=1s
2026-09-23 15:10:29 | INFO     | notify | [c599ca43] received order #48 | product=Xiaomi 14 512GB | EUR 649.0
2026-09-23 15:10:30 | INFO     | notify | [c599ca43] order #48 | email SENT | customer notified
2026-09-23 15:10:30 | INFO     | notify | [c599ca43] order #48 | pipeline complete | elapsed=1s
2026-09-23 15:10:30 | INFO     | notify | [d1dee2a3] received order #49 | product=Xiaomi 14 512GB | EUR 649.0
2026-09-23 15:10:31 | INFO     | notify | [d1dee2a3] order #49 | email SENT | customer notified
2026-09-23 15:10:31 | INFO     | notify | [d1dee2a3] order #49 | pipeline complete | elapsed=1s
2026-09-23 15:10:31 | INFO     | notify | [019ea0aa] received order #50 | product=Xiaomi 14 512GB | EUR 649.0
2026-09-23 15:10:32 | INFO     | notify | [019ea0aa] order #50 | email SENT | customer notified
2026-09-23 15:10:32 | INFO     | notify | [019ea0aa] order #50 | pipeline complete | elapsed=1s
2026-09-23 15:10:32 | INFO     | notify | [e231fde0] received order #51 | product=Xiaomi 14 512GB | EUR 649.0
2026-09-23 15:10:33 | INFO     | notify | [e231fde0] order #51 | email SENT | customer notified
2026-09-23 15:10:33 | INFO     | notify | [e231fde0] order #51 | pipeline complete | elapsed=1s
2026-09-23 15:10:33 | INFO     | notify | [b23d4a9c] received order #52 | product=MacBook Air 13 inch M3 | EUR 1199.0
2026-09-23 15:10:34 | INFO     | notify | [b23d4a9c] order #52 | email SENT | customer notified
2026-09-23 15:10:34 | INFO     | notify | [b23d4a9c] order #52 | pipeline complete | elapsed=1s
2026-09-23 15:10:34 | INFO     | notify | [de13ec58] received order #53 | product=Nothing Phone 2a | EUR 329.0
2026-09-23 15:10:35 | INFO     | notify | [de13ec58] order #53 | email SENT | customer notified
2026-09-23 15:10:35 | INFO     | notify | [de13ec58] order #53 | pipeline complete | elapsed=1s
2026-09-23 15:10:35 | INFO     | notify | [b57a162b] received order #54 | product=Google Pixel 9 128GB | EUR 749.0
2026-09-23 15:10:36 | INFO     | notify | [b57a162b] order #54 | email SENT | customer notified
2026-09-23 15:10:36 | INFO     | notify | [b57a162b] order #54 | pipeline complete | elapsed=1s
2026-09-23 15:10:36 | INFO     | notify | [b3106e30] received order #55 | product=MacBook Air 13 inch M3 | EUR 1199.0
2026-09-23 15:10:37 | INFO     | notify | [b3106e30] order #55 | email SENT | customer notified
2026-09-23 15:10:37 | INFO     | notify | [b3106e30] order #55 | pipeline complete | elapsed=1s
2026-09-23 15:10:37 | INFO     | notify | [9447412b] received order #56 | product=Nothing Phone 2a | EUR 329.0
2026-09-23 15:10:38 | INFO     | notify | [9447412b] order #56 | email SENT | customer notified
2026-09-23 15:10:38 | INFO     | notify | [9447412b] order #56 | pipeline complete | elapsed=1s
2026-09-23 15:10:38 | INFO     | notify | [a201bb41] received order #57 | product=Google Pixel 9 128GB | EUR 749.0
2026-09-23 15:10:39 | INFO     | notify | [a201bb41] order #57 | email SENT | customer notified
2026-09-23 15:10:39 | INFO     | notify | [a201bb41] order #57 | pipeline complete | elapsed=1s
2026-09-23 15:10:39 | INFO     | notify | [19168842] received order #58 | product=Xiaomi 14 512GB | EUR 649.0
2026-09-23 15:10:40 | INFO     | notify | [19168842] order #58 | email SENT | customer notified
2026-09-23 15:10:40 | INFO     | notify | [19168842] order #58 | pipeline complete | elapsed=1s
2026-09-23 15:10:40 | INFO     | notify | [ab398c9a] received order #59 | product=MacBook Air 13 inch M3 | EUR 1199.0
2026-09-23 15:10:41 | INFO     | notify | [ab398c9a] order #59 | email SENT | customer notified
2026-09-23 15:10:41 | INFO     | notify | [ab398c9a] order #59 | pipeline complete | elapsed=1s
2026-09-23 15:10:41 | INFO     | notify | [9265885a] received order #60 | product=Nothing Phone 2a | EUR 329.0
2026-09-23 15:10:42 | INFO     | notify | [9265885a] order #60 | email SENT | customer notified
2026-09-23 15:10:42 | INFO     | notify | [9265885a] order #60 | pipeline complete | elapsed=1s
2026-09-23 15:10:42 | INFO     | notify | [b7457d0d] received order #61 | product=Apple iPhone 16 128GB | EUR 799.0
2026-09-23 15:10:43 | INFO     | notify | [b7457d0d] order #61 | email SENT | customer notified
2026-09-23 15:10:43 | INFO     | notify | [b7457d0d] order #61 | pipeline complete | elapsed=1s
2026-09-23 15:10:43 | INFO     | notify | [06533266] received order #62 | product=Samsung Galaxy S24 128GB | EUR 699.0
2026-09-23 15:10:44 | INFO     | notify | [06533266] order #62 | email SENT | customer notified
2026-09-23 15:10:44 | INFO     | notify | [06533266] order #62 | pipeline complete | elapsed=1s
2026-09-23 15:10:44 | INFO     | notify | [175e985c] received order #63 | product=Xiaomi 14 512GB | EUR 649.0
2026-09-23 15:10:45 | INFO     | notify | [175e985c] order #63 | email SENT | customer notified
2026-09-23 15:10:45 | INFO     | notify | [175e985c] order #63 | pipeline complete | elapsed=1s
2026-09-23 15:10:45 | INFO     | notify | [20e7cc90] received order #64 | product=Xiaomi 14 512GB | EUR 649.0
2026-09-23 15:10:46 | INFO     | notify | [20e7cc90] order #64 | email SENT | customer notified
2026-09-23 15:10:46 | INFO     | notify | [20e7cc90] order #64 | pipeline complete | elapsed=1s
2026-09-23 15:10:46 | INFO     | notify | [70da78cf] received order #65 | product=Xiaomi 14 512GB | EUR 649.0
2026-09-23 15:10:47 | INFO     | notify | [70da78cf] order #65 | email SENT | customer notified
2026-09-23 15:10:47 | INFO     | notify | [70da78cf] order #65 | pipeline complete | elapsed=1s
2026-09-23 15:10:47 | INFO     | notify | [0d752bbe] received order #66 | product=Xiaomi 14 512GB | EUR 649.0
2026-09-23 15:10:48 | INFO     | notify | [0d752bbe] order #66 | email SENT | customer notified
2026-09-23 15:10:48 | INFO     | notify | [0d752bbe] order #66 | pipeline complete | elapsed=1s
2026-09-23 15:10:48 | INFO     | notify | [ff5421fb] received order #67 | product=Xiaomi 14 512GB | EUR 649.0
2026-09-23 15:10:49 | INFO     | notify | [ff5421fb] order #67 | email SENT | customer notified
2026-09-23 15:10:49 | INFO     | notify | [ff5421fb] order #67 | pipeline complete | elapsed=1s
2026-09-23 15:10:49 | INFO     | notify | [d4b624c1] received order #68 | product=Xiaomi 14 512GB | EUR 649.0
2026-09-23 15:10:50 | INFO     | notify | [d4b624c1] order #68 | email SENT | customer notified
2026-09-23 15:10:50 | INFO     | notify | [d4b624c1] order #68 | pipeline complete | elapsed=1s
2026-09-23 15:10:50 | INFO     | notify | [0a93847e] received order #69 | product=Xiaomi 14 512GB | EUR 649.0
2026-09-23 15:10:51 | INFO     | notify | [0a93847e] order #69 | email SENT | customer notified
2026-09-23 15:10:51 | INFO     | notify | [0a93847e] order #69 | pipeline complete | elapsed=1s
2026-09-23 15:10:51 | INFO     | notify | [50d2e8d1] received order #70 | product=Xiaomi 14 512GB | EUR 649.0
2026-09-23 15:10:52 | INFO     | notify | [50d2e8d1] order #70 | email SENT | customer notified
2026-09-23 15:10:52 | INFO     | notify | [50d2e8d1] order #70 | pipeline complete | elapsed=1s
2026-09-23 15:10:52 | INFO     | notify | [7a84cd5a] received order #71 | product=Xiaomi 14 512GB | EUR 649.0
2026-09-23 15:10:53 | INFO     | notify | [7a84cd5a] order #71 | email SENT | customer notified
2026-09-23 15:10:53 | INFO     | notify | [7a84cd5a] order #71 | pipeline complete | elapsed=1s
2026-09-23 15:10:53 | INFO     | notify | [947c9531] received order #72 | product=Xiaomi 14 512GB | EUR 649.0
2026-09-23 15:10:54 | INFO     | notify | [947c9531] order #72 | email SENT | customer notified
2026-09-23 15:10:54 | INFO     | notify | [947c9531] order #72 | pipeline complete | elapsed=1s
2026-09-23 15:10:54 | INFO     | notify | [844f512c] received order #73 | product=Xiaomi 14 512GB | EUR 649.0
2026-09-23 15:10:55 | INFO     | notify | [844f512c] order #73 | email SENT | customer notified
2026-09-23 15:10:55 | INFO     | notify | [844f512c] order #73 | pipeline complete | elapsed=1s
2026-09-23 15:10:55 | INFO     | notify | [e7f88cf0] received order #74 | product=Xiaomi 14 512GB | EUR 649.0
2026-09-23 15:10:56 | INFO     | notify | [e7f88cf0] order #74 | email SENT | customer notified
2026-09-23 15:10:56 | INFO     | notify | [e7f88cf0] order #74 | pipeline complete | elapsed=1s
2026-09-23 15:10:56 | INFO     | notify | [34008853] received order #75 | product=Xiaomi 14 512GB | EUR 649.0
2026-09-23 15:10:57 | INFO     | notify | [34008853] order #75 | email SENT | customer notified
2026-09-23 15:10:57 | INFO     | notify | [34008853] order #75 | pipeline complete | elapsed=1s
2026-09-23 15:10:57 | INFO     | notify | [b269f5c0] received order #76 | product=Xiaomi 14 512GB | EUR 649.0
2026-09-23 15:10:58 | INFO     | notify | [b269f5c0] order #76 | email SENT | customer notified
2026-09-23 15:10:58 | INFO     | notify | [b269f5c0] order #76 | pipeline complete | elapsed=1s
2026-09-23 15:10:58 | INFO     | notify | [fc7ae59d] received order #77 | product=Xiaomi 14 512GB | EUR 649.0
2026-09-23 15:10:59 | INFO     | notify | [fc7ae59d] order #77 | email SENT | customer notified
2026-09-23 15:10:59 | INFO     | notify | [fc7ae59d] order #77 | pipeline complete | elapsed=1s
2026-09-23 15:10:59 | INFO     | notify | [a647f7e6] received order #78 | product=Xiaomi 14 512GB | EUR 649.0
2026-09-23 15:11:00 | INFO     | notify | [a647f7e6] order #78 | email SENT | customer notified
2026-09-23 15:11:00 | INFO     | notify | [a647f7e6] order #78 | pipeline complete | elapsed=1s
2026-09-23 15:11:00 | INFO     | notify | [b7eeab9d] received order #79 | product=Xiaomi 14 512GB | EUR 649.0
2026-09-23 15:11:01 | INFO     | notify | [b7eeab9d] order #79 | email SENT | customer notified
2026-09-23 15:11:01 | INFO     | notify | [b7eeab9d] order #79 | pipeline complete | elapsed=1s
2026-09-23 15:11:01 | INFO     | notify | [ce8f4172] received order #80 | product=Xiaomi 14 512GB | EUR 649.0
2026-09-23 15:11:02 | INFO     | notify | [ce8f4172] order #80 | email SENT | customer notified
2026-09-23 15:11:02 | INFO     | notify | [ce8f4172] order #80 | pipeline complete | elapsed=1s
2026-09-23 15:11:02 | INFO     | notify | [1dab343f] received order #81 | product=Xiaomi 14 512GB | EUR 649.0
2026-09-23 15:11:03 | INFO     | notify | [1dab343f] order #81 | email SENT | customer notified
2026-09-23 15:11:03 | INFO     | notify | [1dab343f] order #81 | pipeline complete | elapsed=1s
2026-09-23 15:11:03 | INFO     | notify | [28014a20] received order #82 | product=Xiaomi 14 512GB | EUR 649.0
2026-09-23 15:11:04 | INFO     | notify | [28014a20] order #82 | email SENT | customer notified
2026-09-23 15:11:04 | INFO     | notify | [28014a20] order #82 | pipeline complete | elapsed=1s
2026-09-23 15:11:04 | INFO     | notify | [ec1ae76f] received order #83 | product=Xiaomi 14 512GB | EUR 649.0
2026-09-23 15:11:05 | INFO     | notify | [ec1ae76f] order #83 | email SENT | customer notified
2026-09-23 15:11:05 | INFO     | notify | [ec1ae76f] order #83 | pipeline complete | elapsed=1s
2026-09-23 15:11:05 | INFO     | notify | [525cbe66] received order #84 | product=Xiaomi 14 512GB | EUR 649.0
2026-09-23 15:11:06 | INFO     | notify | [525cbe66] order #84 | email SENT | customer notified
2026-09-23 15:11:06 | INFO     | notify | [525cbe66] order #84 | pipeline complete | elapsed=1s
2026-09-23 15:11:06 | INFO     | notify | [9b06d5e5] received order #85 | product=MacBook Air 13 inch M3 | EUR 1199.0
2026-09-23 15:11:07 | INFO     | notify | [9b06d5e5] order #85 | email SENT | customer notified
2026-09-23 15:11:07 | INFO     | notify | [9b06d5e5] order #85 | pipeline complete | elapsed=1s
2026-09-23 15:11:07 | INFO     | notify | [43a854a7] received order #86 | product=MacBook Air 13 inch M3 | EUR 1199.0
2026-09-23 15:11:08 | INFO     | notify | [43a854a7] order #86 | email SENT | customer notified
2026-09-23 15:11:08 | INFO     | notify | [43a854a7] order #86 | pipeline complete | elapsed=1s
2026-09-23 15:11:08 | INFO     | notify | [7711fa5b] received order #87 | product=MacBook Air 13 inch M3 | EUR 1199.0
2026-09-23 15:11:09 | INFO     | notify | [7711fa5b] order #87 | email SENT | customer notified
2026-09-23 15:11:09 | INFO     | notify | [7711fa5b] order #87 | pipeline complete | elapsed=1s
2026-09-23 15:11:09 | INFO     | notify | [41e4256e] received order #88 | product=MacBook Air 13 inch M3 | EUR 1199.0
2026-09-23 15:11:10 | INFO     | notify | [41e4256e] order #88 | email SENT | customer notified
2026-09-23 15:11:10 | INFO     | notify | [41e4256e] order #88 | pipeline complete | elapsed=1s
2026-09-23 15:11:10 | INFO     | notify | [cc8e07c6] received order #89 | product=MacBook Air 13 inch M3 | EUR 1199.0
2026-09-23 15:11:11 | INFO     | notify | [cc8e07c6] order #89 | email SENT | customer notified
2026-09-23 15:11:11 | INFO     | notify | [cc8e07c6] order #89 | pipeline complete | elapsed=1s
2026-09-23 15:11:11 | INFO     | notify | [bf9c0737] received order #90 | product=Bose QuietComfort Ultra | EUR 429.0
2026-09-23 15:11:12 | INFO     | notify | [bf9c0737] order #90 | email SENT | customer notified
2026-09-23 15:11:12 | INFO     | notify | [bf9c0737] order #90 | pipeline complete | elapsed=1s
2026-09-23 15:11:12 | INFO     | notify | [0a18d0ea] received order #91 | product=Bose QuietComfort Ultra | EUR 429.0
2026-09-23 15:11:13 | INFO     | notify | [0a18d0ea] order #91 | email SENT | customer notified
2026-09-23 15:11:13 | INFO     | notify | [0a18d0ea] order #91 | pipeline complete | elapsed=1s
2026-09-23 15:11:13 | INFO     | notify | [d7f922d6] received order #92 | product=Bose QuietComfort Ultra | EUR 429.0
2026-09-23 15:11:14 | INFO     | notify | [d7f922d6] order #92 | email SENT | customer notified
2026-09-23 15:11:14 | INFO     | notify | [d7f922d6] order #92 | pipeline complete | elapsed=1s
2026-09-23 15:11:14 | INFO     | notify | [b1c03908] received order #93 | product=Bose QuietComfort Ultra | EUR 429.0
2026-09-23 15:11:15 | INFO     | notify | [b1c03908] order #93 | email SENT | customer notified
2026-09-23 15:11:15 | INFO     | notify | [b1c03908] order #93 | pipeline complete | elapsed=1s
2026-09-23 15:11:15 | INFO     | notify | [7bc848fb] received order #94 | product=Bose QuietComfort Ultra | EUR 429.0
2026-09-23 15:11:16 | INFO     | notify | [7bc848fb] order #94 | email SENT | customer notified
2026-09-23 15:11:16 | INFO     | notify | [7bc848fb] order #94 | pipeline complete | elapsed=1s
2026-09-23 15:11:16 | INFO     | notify | [e3914444] received order #95 | product=Bose QuietComfort Ultra | EUR 429.0
2026-09-23 15:11:17 | INFO     | notify | [e3914444] order #95 | email SENT | customer notified
2026-09-23 15:11:17 | INFO     | notify | [e3914444] order #95 | pipeline complete | elapsed=1s
2026-09-23 15:11:17 | INFO     | notify | [b73f4567] received order #96 | product=Bose QuietComfort Ultra | EUR 429.0
2026-09-23 15:11:18 | INFO     | notify | [b73f4567] order #96 | email SENT | customer notified
2026-09-23 15:11:18 | INFO     | notify | [b73f4567] order #96 | pipeline complete | elapsed=1s
2026-09-23 15:11:18 | INFO     | notify | [cd398224] received order #97 | product=Nintendo Switch 2 | EUR 469.0
2026-09-23 15:11:19 | INFO     | notify | [cd398224] order #97 | email SENT | customer notified
2026-09-23 15:11:19 | INFO     | notify | [cd398224] order #97 | pipeline complete | elapsed=1s
2026-09-23 15:11:19 | INFO     | notify | [8e75df81] received order #98 | product=Nintendo Switch 2 | EUR 469.0
2026-09-23 15:11:20 | INFO     | notify | [8e75df81] order #98 | email SENT | customer notified
2026-09-23 15:11:20 | INFO     | notify | [8e75df81] order #98 | pipeline complete | elapsed=1s
2026-09-23 15:11:20 | INFO     | notify | [9d524335] received order #99 | product=Nintendo Switch 2 | EUR 469.0
2026-09-23 15:11:21 | INFO     | notify | [9d524335] order #99 | email SENT | customer notified
2026-09-23 15:11:21 | INFO     | notify | [9d524335] order #99 | pipeline complete | elapsed=1s
2026-09-23 15:11:21 | INFO     | notify | [7210971a] received order #100 | product=Nintendo Switch 2 | EUR 469.0
2026-09-23 15:11:22 | INFO     | notify | [7210971a] order #100 | email SENT | customer notified
2026-09-23 15:11:22 | INFO     | notify | [7210971a] order #100 | pipeline complete | elapsed=1s
2026-09-23 15:11:22 | INFO     | notify | [61dca07b] received order #101 | product=Nintendo Switch 2 | EUR 469.0
2026-09-23 15:11:23 | INFO     | notify | [61dca07b] order #101 | email SENT | customer notified
2026-09-23 15:11:23 | INFO     | notify | [61dca07b] order #101 | pipeline complete | elapsed=1s
2026-09-23 15:11:23 | INFO     | notify | [14232034] received order #102 | product=Nintendo Switch 2 | EUR 469.0
2026-09-23 15:11:24 | INFO     | notify | [14232034] order #102 | email SENT | customer notified
2026-09-23 15:11:24 | INFO     | notify | [14232034] order #102 | pipeline complete | elapsed=1s
2026-09-23 15:11:24 | INFO     | notify | [2fdf0ff4] received order #103 | product=Nintendo Switch 2 | EUR 469.0
2026-09-23 15:11:25 | INFO     | notify | [2fdf0ff4] order #103 | email SENT | customer notified
2026-09-23 15:11:25 | INFO     | notify | [2fdf0ff4] order #103 | pipeline complete | elapsed=1s
2026-09-23 15:11:25 | INFO     | notify | [ac6cd125] received order #104 | product=Nintendo Switch 2 | EUR 469.0
2026-09-23 15:11:26 | INFO     | notify | [ac6cd125] order #104 | email SENT | customer notified
2026-09-23 15:11:26 | INFO     | notify | [ac6cd125] order #104 | pipeline complete | elapsed=1s
2026-09-23 15:11:26 | INFO     | notify | [92ddcb5d] received order #105 | product=Nintendo Switch 2 | EUR 469.0
2026-09-23 15:11:27 | INFO     | notify | [92ddcb5d] order #105 | email SENT | customer notified
2026-09-23 15:11:27 | INFO     | notify | [92ddcb5d] order #105 | pipeline complete | elapsed=1s
2026-09-23 15:11:27 | INFO     | notify | [aa3e25a5] received order #106 | product=Nintendo Switch 2 | EUR 469.0
2026-09-23 15:11:28 | INFO     | notify | [aa3e25a5] order #106 | email SENT | customer notified
2026-09-23 15:11:28 | INFO     | notify | [aa3e25a5] order #106 | pipeline complete | elapsed=1s
2026-09-23 15:11:28 | INFO     | notify | [fa59954c] received order #107 | product=Nintendo Switch 2 | EUR 469.0
2026-09-23 15:11:29 | INFO     | notify | [fa59954c] order #107 | email SENT | customer notified
2026-09-23 15:11:29 | INFO     | notify | [fa59954c] order #107 | pipeline complete | elapsed=1s
2026-09-23 15:11:29 | INFO     | notify | [8a42a617] received order #108 | product=Nintendo Switch 2 | EUR 469.0
2026-09-23 15:11:30 | INFO     | notify | [8a42a617] order #108 | email SENT | customer notified
2026-09-23 15:11:30 | INFO     | notify | [8a42a617] order #108 | pipeline complete | elapsed=1s
2026-09-23 15:11:30 | INFO     | notify | [c33e8298] received order #109 | product=Nintendo Switch 2 | EUR 469.0
2026-09-23 15:11:31 | INFO     | notify | [c33e8298] order #109 | email SENT | customer notified
2026-09-23 15:11:31 | INFO     | notify | [c33e8298] order #109 | pipeline complete | elapsed=1s
2026-09-23 15:11:31 | INFO     | notify | [46d2d407] received order #110 | product=Nintendo Switch 2 | EUR 469.0
2026-09-23 15:11:32 | INFO     | notify | [46d2d407] order #110 | email SENT | customer notified
2026-09-23 15:11:32 | INFO     | notify | [46d2d407] order #110 | pipeline complete | elapsed=1s
2026-09-23 15:14:42 | INFO     | notify | [bca72af2] received order #111 | product=Nintendo Switch 2 | EUR 469.0
2026-09-23 15:14:43 | INFO     | notify | [bca72af2] order #111 | email SENT | customer notified
2026-09-23 15:14:43 | INFO     | notify | [bca72af2] order #111 | pipeline complete | elapsed=1s
2026-09-23 15:14:43 | INFO     | notify | [e4dd8250] received order #112 | product=Nintendo Switch 2 | EUR 469.0
2026-09-23 15:14:44 | INFO     | notify | [e4dd8250] order #112 | email SENT | customer notified
2026-09-23 15:14:44 | INFO     | notify | [e4dd8250] order #112 | pipeline complete | elapsed=1s
2026-09-23 15:14:44 | INFO     | notify | [975a6e9e] received order #113 | product=Nintendo Switch 2 | EUR 469.0
2026-09-23 15:14:45 | INFO     | notify | [975a6e9e] order #113 | email SENT | customer notified
2026-09-23 15:14:45 | INFO     | notify | [975a6e9e] order #113 | pipeline complete | elapsed=1s
2026-09-23 15:14:45 | INFO     | notify | [0ae722e2] received order #114 | product=Nintendo Switch 2 | EUR 469.0
2026-09-23 15:14:46 | INFO     | notify | [0ae722e2] order #114 | email SENT | customer notified
2026-09-23 15:14:46 | INFO     | notify | [0ae722e2] order #114 | pipeline complete | elapsed=1s
2026-09-23 15:14:46 | INFO     | notify | [88bf3930] received order #115 | product=Nintendo Switch 2 | EUR 469.0
2026-09-23 15:14:47 | INFO     | notify | [88bf3930] order #115 | email SENT | customer notified
2026-09-23 15:14:47 | INFO     | notify | [88bf3930] order #115 | pipeline complete | elapsed=1s
2026-09-23 15:14:47 | INFO     | notify | [db364a06] received order #116 | product=DeLonghi Magnifica Evo | EUR 379.0
2026-09-23 15:14:48 | INFO     | notify | [db364a06] order #116 | email SENT | customer notified
2026-09-23 15:14:48 | INFO     | notify | [db364a06] order #116 | pipeline complete | elapsed=1s
2026-09-23 15:14:48 | INFO     | notify | [1b27ad01] received order #117 | product=DeLonghi Magnifica Evo | EUR 379.0
2026-09-23 15:14:49 | INFO     | notify | [1b27ad01] order #117 | email SENT | customer notified
2026-09-23 15:14:49 | INFO     | notify | [1b27ad01] order #117 | pipeline complete | elapsed=1s
2026-09-23 15:14:49 | INFO     | notify | [90291224] received order #118 | product=DeLonghi Magnifica Evo | EUR 379.0
2026-09-23 15:14:50 | INFO     | notify | [90291224] order #118 | email SENT | customer notified
2026-09-23 15:14:50 | INFO     | notify | [90291224] order #118 | pipeline complete | elapsed=1s
2026-09-23 15:14:50 | INFO     | notify | [977db78a] received order #119 | product=Miele Boost CX1 | EUR 349.0
2026-09-23 15:14:51 | INFO     | notify | [977db78a] order #119 | email SENT | customer notified
2026-09-23 15:14:51 | INFO     | notify | [977db78a] order #119 | pipeline complete | elapsed=1s
2026-09-23 15:14:51 | INFO     | notify | [4a89185e] received order #120 | product=Miele Boost CX1 | EUR 349.0
2026-09-23 15:14:52 | INFO     | notify | [4a89185e] order #120 | email SENT | customer notified
2026-09-23 15:14:52 | INFO     | notify | [4a89185e] order #120 | pipeline complete | elapsed=1s
2026-09-23 15:14:52 | INFO     | notify | [cb56193f] received order #121 | product=Miele Boost CX1 | EUR 349.0
2026-09-23 15:14:53 | INFO     | notify | [cb56193f] order #121 | email SENT | customer notified
2026-09-23 15:14:53 | INFO     | notify | [cb56193f] order #121 | pipeline complete | elapsed=1s
2026-09-23 15:14:53 | INFO     | notify | [dfd8a8cc] received order #122 | product=Miele Boost CX1 | EUR 349.0
2026-09-23 15:14:54 | INFO     | notify | [dfd8a8cc] order #122 | email SENT | customer notified
2026-09-23 15:14:54 | INFO     | notify | [dfd8a8cc] order #122 | pipeline complete | elapsed=1s
2026-09-23 15:14:54 | INFO     | notify | [cedc7d76] received order #123 | product=Miele Boost CX1 | EUR 349.0
2026-09-23 15:14:55 | INFO     | notify | [cedc7d76] order #123 | email SENT | customer notified
2026-09-23 15:14:55 | INFO     | notify | [cedc7d76] order #123 | pipeline complete | elapsed=1s
2026-09-23 15:14:55 | INFO     | notify | [11ecee16] received order #124 | product=Miele Boost CX1 | EUR 349.0
2026-09-23 15:14:56 | INFO     | notify | [11ecee16] order #124 | email SENT | customer notified
2026-09-23 15:14:56 | INFO     | notify | [11ecee16] order #124 | pipeline complete | elapsed=1s
2026-09-23 15:14:56 | INFO     | notify | [aa884abc] received order #125 | product=Miele Boost CX1 | EUR 349.0
2026-09-23 15:14:57 | INFO     | notify | [aa884abc] order #125 | email SENT | customer notified
2026-09-23 15:14:57 | INFO     | notify | [aa884abc] order #125 | pipeline complete | elapsed=1s
2026-09-23 15:14:57 | INFO     | notify | [839ccc05] received order #126 | product=Miele Boost CX1 | EUR 349.0
2026-09-23 15:14:58 | INFO     | notify | [839ccc05] order #126 | email SENT | customer notified
2026-09-23 15:14:58 | INFO     | notify | [839ccc05] order #126 | pipeline complete | elapsed=1s
2026-09-23 15:14:58 | INFO     | notify | [12e50929] received order #127 | product=Miele Boost CX1 | EUR 349.0
2026-09-23 15:14:59 | INFO     | notify | [12e50929] order #127 | email SENT | customer notified
2026-09-23 15:14:59 | INFO     | notify | [12e50929] order #127 | pipeline complete | elapsed=1s
2026-09-23 15:14:59 | INFO     | notify | [a168f888] received order #128 | product=Miele Boost CX1 | EUR 349.0
2026-09-23 15:15:00 | INFO     | notify | [a168f888] order #128 | email SENT | customer notified
2026-09-23 15:15:00 | INFO     | notify | [a168f888] order #128 | pipeline complete | elapsed=1s
2026-09-23 15:15:00 | INFO     | notify | [c3812b01] received order #129 | product=Miele Boost CX1 | EUR 349.0
2026-09-23 15:15:01 | INFO     | notify | [c3812b01] order #129 | email SENT | customer notified
2026-09-23 15:15:01 | INFO     | notify | [c3812b01] order #129 | pipeline complete | elapsed=1s
2026-09-23 15:15:01 | INFO     | notify | [11b73ed0] received order #130 | product=Miele Boost CX1 | EUR 349.0
2026-09-23 15:15:02 | INFO     | notify | [11b73ed0] order #130 | email SENT | customer notified
2026-09-23 15:15:02 | INFO     | notify | [11b73ed0] order #130 | pipeline complete | elapsed=1s
2026-09-23 15:15:02 | INFO     | notify | [e5adb68c] received order #131 | product=PlayStation 5 Pro | EUR 799.0
2026-09-23 15:15:03 | INFO     | notify | [e5adb68c] order #131 | email SENT | customer notified
2026-09-23 15:15:03 | INFO     | notify | [e5adb68c] order #131 | pipeline complete | elapsed=1s
2026-09-23 15:15:03 | INFO     | notify | [cd12957c] received order #132 | product=PlayStation 5 Pro | EUR 799.0
2026-09-23 15:15:04 | INFO     | notify | [cd12957c] order #132 | email SENT | customer notified
2026-09-23 15:15:04 | INFO     | notify | [cd12957c] order #132 | pipeline complete | elapsed=1s
2026-09-23 15:15:04 | INFO     | notify | [abd8a133] received order #133 | product=PlayStation 5 Pro | EUR 799.0
2026-09-23 15:15:05 | INFO     | notify | [abd8a133] order #133 | email SENT | customer notified
2026-09-23 15:15:05 | INFO     | notify | [abd8a133] order #133 | pipeline complete | elapsed=1s
2026-09-23 15:15:05 | INFO     | notify | [1737431e] received order #134 | product=PlayStation 5 Pro | EUR 799.0
2026-09-23 15:15:06 | INFO     | notify | [1737431e] order #134 | email SENT | customer notified
2026-09-23 15:15:06 | INFO     | notify | [1737431e] order #134 | pipeline complete | elapsed=1s
2026-09-23 15:15:06 | INFO     | notify | [1d463796] received order #135 | product=PlayStation 5 Pro | EUR 799.0
2026-09-23 15:15:07 | INFO     | notify | [1d463796] order #135 | email SENT | customer notified
2026-09-23 15:15:07 | INFO     | notify | [1d463796] order #135 | pipeline complete | elapsed=1s
2026-09-23 15:15:07 | INFO     | notify | [7ae8942a] received order #136 | product=PlayStation 5 Pro | EUR 799.0
2026-09-23 15:15:08 | INFO     | notify | [7ae8942a] order #136 | email SENT | customer notified
2026-09-23 15:15:08 | INFO     | notify | [7ae8942a] order #136 | pipeline complete | elapsed=1s
2026-09-23 15:15:08 | INFO     | notify | [8686e4a5] received order #137 | product=PlayStation 5 Pro | EUR 799.0
2026-09-23 15:15:09 | INFO     | notify | [8686e4a5] order #137 | email SENT | customer notified
2026-09-23 15:15:09 | INFO     | notify | [8686e4a5] order #137 | pipeline complete | elapsed=1s
2026-09-23 15:15:09 | INFO     | notify | [5f82dac8] received order #138 | product=PlayStation 5 Pro | EUR 799.0
2026-09-23 15:15:10 | INFO     | notify | [5f82dac8] order #138 | email SENT | customer notified
2026-09-23 15:15:10 | INFO     | notify | [5f82dac8] order #138 | pipeline complete | elapsed=1s
2026-09-23 15:24:14 | INFO     | notify | [b92a425f] received order #139 | product=Nintendo Switch 2 | EUR 469.0
2026-09-23 15:24:15 | INFO     | notify | [b92a425f] order #139 | email SENT | customer notified
2026-09-23 15:24:15 | INFO     | notify | [b92a425f] order #139 | pipeline complete | elapsed=1s
2026-09-23 15:24:15 | INFO     | notify | [b3e0dfc7] received order #140 | product=Nintendo Switch 2 | EUR 469.0
2026-09-23 15:24:16 | INFO     | notify | [b3e0dfc7] order #140 | email SENT | customer notified
2026-09-23 15:24:16 | INFO     | notify | [b3e0dfc7] order #140 | pipeline complete | elapsed=1s
2026-09-23 15:24:16 | INFO     | notify | [f1d1c955] received order #141 | product=Nintendo Switch 2 | EUR 469.0
2026-09-23 15:24:17 | INFO     | notify | [f1d1c955] order #141 | email SENT | customer notified
2026-09-23 15:24:17 | INFO     | notify | [f1d1c955] order #141 | pipeline complete | elapsed=1s
2026-09-23 15:24:17 | INFO     | notify | [cba784df] received order #142 | product=Nintendo Switch 2 | EUR 469.0
2026-09-23 15:24:18 | INFO     | notify | [cba784df] order #142 | email SENT | customer notified
2026-09-23 15:24:18 | INFO     | notify | [cba784df] order #142 | pipeline complete | elapsed=1s
2026-09-23 15:24:18 | INFO     | notify | [cc819beb] received order #143 | product=Nintendo Switch 2 | EUR 469.0
2026-09-23 15:24:19 | INFO     | notify | [cc819beb] order #143 | email SENT | customer notified
2026-09-23 15:24:19 | INFO     | notify | [cc819beb] order #143 | pipeline complete | elapsed=1s
2026-09-23 15:24:19 | INFO     | notify | [06aff8f7] received order #144 | product=Nintendo Switch 2 | EUR 469.0
2026-09-23 15:24:20 | INFO     | notify | [06aff8f7] order #144 | email SENT | customer notified
2026-09-23 15:24:20 | INFO     | notify | [06aff8f7] order #144 | pipeline complete | elapsed=1s
2026-09-23 15:24:20 | INFO     | notify | [3ebdcd4d] received order #145 | product=Nintendo Switch 2 | EUR 469.0
2026-09-23 15:24:21 | INFO     | notify | [3ebdcd4d] order #145 | email SENT | customer notified
2026-09-23 15:24:21 | INFO     | notify | [3ebdcd4d] order #145 | pipeline complete | elapsed=1s
2026-09-23 15:24:21 | INFO     | notify | [f069021d] received order #146 | product=Nintendo Switch 2 | EUR 469.0
2026-09-23 15:24:22 | INFO     | notify | [f069021d] order #146 | email SENT | customer notified
2026-09-23 15:24:22 | INFO     | notify | [f069021d] order #146 | pipeline complete | elapsed=1s
2026-09-23 15:24:22 | INFO     | notify | [917cac23] received order #147 | product=Nintendo Switch 2 | EUR 469.0
2026-09-23 15:24:23 | INFO     | notify | [917cac23] order #147 | email SENT | customer notified
2026-09-23 15:24:23 | INFO     | notify | [917cac23] order #147 | pipeline complete | elapsed=1s
2026-09-23 15:24:23 | INFO     | notify | [ee094f7f] received order #148 | product=Nintendo Switch 2 | EUR 469.0
2026-09-23 15:24:24 | INFO     | notify | [ee094f7f] order #148 | email SENT | customer notified
2026-09-23 15:24:24 | INFO     | notify | [ee094f7f] order #148 | pipeline complete | elapsed=1s
2026-09-23 15:24:24 | INFO     | notify | [8593254c] received order #149 | product=Nintendo Switch 2 | EUR 469.0
2026-09-23 15:24:25 | INFO     | notify | [8593254c] order #149 | email SENT | customer notified
2026-09-23 15:24:25 | INFO     | notify | [8593254c] order #149 | pipeline complete | elapsed=1s
2026-09-23 15:24:25 | INFO     | notify | [dbae2774] received order #150 | product=Nintendo Switch 2 | EUR 469.0
2026-09-23 15:24:26 | INFO     | notify | [dbae2774] order #150 | email SENT | customer notified
2026-09-23 15:24:26 | INFO     | notify | [dbae2774] order #150 | pipeline complete | elapsed=1s
2026-09-23 15:24:26 | INFO     | notify | [6455816b] received order #151 | product=Nintendo Switch 2 | EUR 469.0
2026-09-23 15:24:27 | INFO     | notify | [6455816b] order #151 | email SENT | customer notified
2026-09-23 15:24:27 | INFO     | notify | [6455816b] order #151 | pipeline complete | elapsed=1s
2026-09-23 15:24:27 | INFO     | notify | [87c46ec8] received order #152 | product=Nintendo Switch 2 | EUR 469.0
2026-09-23 15:24:28 | INFO     | notify | [87c46ec8] order #152 | email SENT | customer notified
2026-09-23 15:24:28 | INFO     | notify | [87c46ec8] order #152 | pipeline complete | elapsed=1s
2026-09-23 15:24:28 | INFO     | notify | [297505b7] received order #153 | product=PlayStation 5 Pro | EUR 799.0
2026-09-23 15:24:29 | INFO     | notify | [297505b7] order #153 | email SENT | customer notified
2026-09-23 15:24:29 | INFO     | notify | [297505b7] order #153 | pipeline complete | elapsed=1s
2026-09-23 15:24:29 | INFO     | notify | [64fc0e64] received order #154 | product=PlayStation 5 Pro | EUR 799.0
2026-09-23 15:24:30 | INFO     | notify | [64fc0e64] order #154 | email SENT | customer notified
2026-09-23 15:24:30 | INFO     | notify | [64fc0e64] order #154 | pipeline complete | elapsed=1s
2026-09-23 15:24:30 | INFO     | notify | [d6d017fe] received order #155 | product=PlayStation 5 Pro | EUR 799.0
2026-09-23 15:24:31 | INFO     | notify | [d6d017fe] order #155 | email SENT | customer notified
2026-09-23 15:24:31 | INFO     | notify | [d6d017fe] order #155 | pipeline complete | elapsed=1s
2026-09-23 15:24:31 | INFO     | notify | [563e1f6a] received order #156 | product=PlayStation 5 Pro | EUR 799.0
2026-09-23 15:24:32 | INFO     | notify | [563e1f6a] order #156 | email SENT | customer notified
2026-09-23 15:24:32 | INFO     | notify | [563e1f6a] order #156 | pipeline complete | elapsed=1s
2026-09-23 15:24:32 | INFO     | notify | [750a11fc] received order #157 | product=PlayStation 5 Pro | EUR 799.0
2026-09-23 15:24:33 | INFO     | notify | [750a11fc] order #157 | email SENT | customer notified
2026-09-23 15:24:33 | INFO     | notify | [750a11fc] order #157 | pipeline complete | elapsed=1s
2026-09-23 15:24:33 | INFO     | notify | [861352ac] received order #158 | product=PlayStation 5 Pro | EUR 799.0
2026-09-23 15:24:34 | INFO     | notify | [861352ac] order #158 | email SENT | customer notified
2026-09-23 15:24:34 | INFO     | notify | [861352ac] order #158 | pipeline complete | elapsed=1s
2026-09-23 15:24:34 | INFO     | notify | [092b63c9] received order #159 | product=PlayStation 5 Pro | EUR 799.0
2026-09-23 15:24:35 | INFO     | notify | [092b63c9] order #159 | email SENT | customer notified
2026-09-23 15:24:35 | INFO     | notify | [092b63c9] order #159 | pipeline complete | elapsed=1s
2026-09-23 15:24:35 | INFO     | notify | [c17911d6] received order #160 | product=PlayStation 5 Pro | EUR 799.0
2026-09-23 15:24:36 | INFO     | notify | [c17911d6] order #160 | email SENT | customer notified
2026-09-23 15:24:36 | INFO     | notify | [c17911d6] order #160 | pipeline complete | elapsed=1s
2026-09-23 15:24:36 | INFO     | notify | [8ff65d22] received order #161 | product=PlayStation 5 Pro | EUR 799.0
2026-09-23 15:24:37 | INFO     | notify | [8ff65d22] order #161 | email SENT | customer notified
2026-09-23 15:24:37 | INFO     | notify | [8ff65d22] order #161 | pipeline complete | elapsed=1s
2026-09-23 15:24:37 | INFO     | notify | [4ce5c67f] received order #162 | product=PlayStation 5 Pro | EUR 799.0
2026-09-23 15:24:38 | INFO     | notify | [4ce5c67f] order #162 | email SENT | customer notified
2026-09-23 15:24:38 | INFO     | notify | [4ce5c67f] order #162 | pipeline complete | elapsed=1s
2026-09-23 15:24:38 | INFO     | notify | [9d1012ce] received order #163 | product=PlayStation 5 Pro | EUR 799.0
2026-09-23 15:24:39 | INFO     | notify | [9d1012ce] order #163 | email SENT | customer notified
2026-09-23 15:24:39 | INFO     | notify | [9d1012ce] order #163 | pipeline complete | elapsed=1s
2026-09-23 15:24:39 | INFO     | notify | [8188e39d] received order #164 | product=PlayStation 5 Pro | EUR 799.0
2026-09-23 15:24:40 | INFO     | notify | [8188e39d] order #164 | email SENT | customer notified
2026-09-23 15:24:40 | INFO     | notify | [8188e39d] order #164 | pipeline complete | elapsed=1s
2026-09-23 15:24:40 | INFO     | notify | [8072af78] received order #165 | product=PlayStation 5 Pro | EUR 799.0
2026-09-23 15:24:41 | INFO     | notify | [8072af78] order #165 | email SENT | customer notified
2026-09-23 15:24:41 | INFO     | notify | [8072af78] order #165 | pipeline complete | elapsed=1s
2026-09-23 15:24:41 | INFO     | notify | [92ae5690] received order #166 | product=PlayStation 5 Pro | EUR 799.0
2026-09-23 15:24:42 | INFO     | notify | [92ae5690] order #166 | email SENT | customer notified
2026-09-23 15:24:42 | INFO     | notify | [92ae5690] order #166 | pipeline complete | elapsed=1s
2026-09-23 15:24:42 | INFO     | notify | [6f184cb0] received order #167 | product=DeLonghi Magnifica Evo | EUR 379.0
2026-09-23 15:24:43 | INFO     | notify | [6f184cb0] order #167 | email SENT | customer notified
2026-09-23 15:24:43 | INFO     | notify | [6f184cb0] order #167 | pipeline complete | elapsed=1s
2026-09-23 15:24:43 | INFO     | notify | [92b519ef] received order #168 | product=DeLonghi Magnifica Evo | EUR 379.0
2026-09-23 15:24:44 | INFO     | notify | [92b519ef] order #168 | email SENT | customer notified
2026-09-23 15:24:44 | INFO     | notify | [92b519ef] order #168 | pipeline complete | elapsed=1s
2026-09-23 15:24:44 | INFO     | notify | [31051ada] received order #169 | product=DeLonghi Magnifica Evo | EUR 379.0
2026-09-23 15:24:45 | INFO     | notify | [31051ada] order #169 | email SENT | customer notified
2026-09-23 15:24:45 | INFO     | notify | [31051ada] order #169 | pipeline complete | elapsed=1s
2026-09-23 15:24:45 | INFO     | notify | [36229bcf] received order #170 | product=DeLonghi Magnifica Evo | EUR 379.0
2026-09-23 15:24:46 | INFO     | notify | [36229bcf] order #170 | email SENT | customer notified
2026-09-23 15:24:46 | INFO     | notify | [36229bcf] order #170 | pipeline complete | elapsed=1s
2026-09-23 15:24:46 | INFO     | notify | [d401ed89] received order #171 | product=DeLonghi Magnifica Evo | EUR 379.0
2026-09-23 15:24:47 | INFO     | notify | [d401ed89] order #171 | email SENT | customer notified
2026-09-23 15:24:47 | INFO     | notify | [d401ed89] order #171 | pipeline complete | elapsed=1s
2026-09-23 15:24:47 | INFO     | notify | [2425b10c] received order #172 | product=DeLonghi Magnifica Evo | EUR 379.0
2026-09-23 15:24:48 | INFO     | notify | [2425b10c] order #172 | email SENT | customer notified
2026-09-23 15:24:48 | INFO     | notify | [2425b10c] order #172 | pipeline complete | elapsed=1s
2026-09-23 15:24:48 | INFO     | notify | [a79ee145] received order #173 | product=Miele Boost CX1 | EUR 349.0
2026-09-23 15:24:49 | INFO     | notify | [a79ee145] order #173 | email SENT | customer notified
2026-09-23 15:24:49 | INFO     | notify | [a79ee145] order #173 | pipeline complete | elapsed=1s
2026-09-23 15:24:49 | INFO     | notify | [10821fc2] received order #174 | product=Miele Boost CX1 | EUR 349.0
2026-09-23 15:24:50 | INFO     | notify | [10821fc2] order #174 | email SENT | customer notified
2026-09-23 15:24:50 | INFO     | notify | [10821fc2] order #174 | pipeline complete | elapsed=1s
2026-09-23 15:24:50 | INFO     | notify | [cbfb4e93] received order #175 | product=Miele Boost CX1 | EUR 349.0
2026-09-23 15:24:51 | INFO     | notify | [cbfb4e93] order #175 | email SENT | customer notified
2026-09-23 15:24:51 | INFO     | notify | [cbfb4e93] order #175 | pipeline complete | elapsed=1s
2026-09-23 15:24:51 | INFO     | notify | [ac070f21] received order #176 | product=Miele Boost CX1 | EUR 349.0
2026-09-23 15:24:52 | INFO     | notify | [ac070f21] order #176 | email SENT | customer notified
2026-09-23 15:24:52 | INFO     | notify | [ac070f21] order #176 | pipeline complete | elapsed=1s
2026-09-23 15:24:52 | INFO     | notify | [7c29fd83] received order #177 | product=Miele Boost CX1 | EUR 349.0
2026-09-23 15:24:53 | INFO     | notify | [7c29fd83] order #177 | email SENT | customer notified
2026-09-23 15:24:53 | INFO     | notify | [7c29fd83] order #177 | pipeline complete | elapsed=1s
2026-09-23 15:24:53 | INFO     | notify | [15afb706] received order #178 | product=Miele Boost CX1 | EUR 349.0
2026-09-23 15:24:54 | INFO     | notify | [15afb706] order #178 | email SENT | customer notified
2026-09-23 15:24:54 | INFO     | notify | [15afb706] order #178 | pipeline complete | elapsed=1s
2026-09-23 15:24:54 | INFO     | notify | [a3e44c2e] received order #179 | product=Miele Boost CX1 | EUR 349.0
2026-09-23 15:24:55 | INFO     | notify | [a3e44c2e] order #179 | email SENT | customer notified
2026-09-23 15:24:55 | INFO     | notify | [a3e44c2e] order #179 | pipeline complete | elapsed=1s
2026-09-23 15:24:55 | INFO     | notify | [ddec6c00] received order #180 | product=Nothing Phone 2a | EUR 329.0
2026-09-23 15:24:56 | INFO     | notify | [ddec6c00] order #180 | email SENT | customer notified
2026-09-23 15:24:56 | INFO     | notify | [ddec6c00] order #180 | pipeline complete | elapsed=1s
2026-09-23 15:24:56 | INFO     | notify | [ec4fd8f6] received order #181 | product=Nothing Phone 2a | EUR 329.0
2026-09-23 15:24:57 | INFO     | notify | [ec4fd8f6] order #181 | email SENT | customer notified
2026-09-23 15:24:57 | INFO     | notify | [ec4fd8f6] order #181 | pipeline complete | elapsed=1s
2026-09-23 15:24:57 | INFO     | notify | [c7ddc980] received order #182 | product=Nothing Phone 2a | EUR 329.0
2026-09-23 15:24:58 | INFO     | notify | [c7ddc980] order #182 | email SENT | customer notified
2026-09-23 15:24:58 | INFO     | notify | [c7ddc980] order #182 | pipeline complete | elapsed=1s
2026-09-23 15:24:58 | INFO     | notify | [8c0f30a6] received order #183 | product=Nothing Phone 2a | EUR 329.0
2026-09-23 15:24:59 | INFO     | notify | [8c0f30a6] order #183 | email SENT | customer notified
2026-09-23 15:24:59 | INFO     | notify | [8c0f30a6] order #183 | pipeline complete | elapsed=1s
2026-09-23 15:24:59 | INFO     | notify | [2199e9bf] received order #184 | product=Nothing Phone 2a | EUR 329.0
2026-09-23 15:25:00 | INFO     | notify | [2199e9bf] order #184 | email SENT | customer notified
2026-09-23 15:25:00 | INFO     | notify | [2199e9bf] order #184 | pipeline complete | elapsed=1s
2026-09-23 15:25:00 | INFO     | notify | [417704a2] received order #185 | product=Nothing Phone 2a | EUR 329.0
2026-09-23 15:25:01 | INFO     | notify | [417704a2] order #185 | email SENT | customer notified
2026-09-23 15:25:01 | INFO     | notify | [417704a2] order #185 | pipeline complete | elapsed=1s
2026-09-23 15:25:01 | INFO     | notify | [d0d437e5] received order #186 | product=MacBook Air 13 inch M3 | EUR 1199.0
2026-09-23 15:25:02 | INFO     | notify | [d0d437e5] order #186 | email SENT | customer notified
2026-09-23 15:25:02 | INFO     | notify | [d0d437e5] order #186 | pipeline complete | elapsed=1s
2026-09-23 15:25:02 | INFO     | notify | [7233bf60] received order #187 | product=MacBook Air 13 inch M3 | EUR 1199.0
2026-09-23 15:25:03 | INFO     | notify | [7233bf60] order #187 | email SENT | customer notified
2026-09-23 15:25:03 | INFO     | notify | [7233bf60] order #187 | pipeline complete | elapsed=1s
2026-09-23 15:25:03 | INFO     | notify | [26db45cc] received order #188 | product=MacBook Air 13 inch M3 | EUR 1199.0
2026-09-23 15:25:04 | INFO     | notify | [26db45cc] order #188 | email SENT | customer notified
2026-09-23 15:25:04 | INFO     | notify | [26db45cc] order #188 | pipeline complete | elapsed=1s
