2026-09-23 14:03:05 | INFO     | order | [109c33cf] order #15 created | product=PlayStation 5 Pro | EUR 799.00
2026-09-23 14:03:05 | INFO     | order | [109c33cf] published to RabbitMQ | queue=orders
2026-09-23 14:03:06 | INFO     | order | [bbfcb570] order #16 created | product=Nintendo Switch 2 | EUR 469.00
2026-09-23 14:03:06 | INFO     | order | [bbfcb570] published to RabbitMQ | queue=orders
2026-09-23 14:03:06 | INFO     | order | [6393cbe3] order #17 created | product=DeLonghi Magnifica Evo | EUR 379.00
2026-09-23 14:03:06 | INFO     | order | [6393cbe3] published to RabbitMQ | queue=orders
2026-09-23 14:03:07 | INFO     | order | [9c1563bb] order #18 created | product=Miele Boost CX1 | EUR 349.00
2026-09-23 14:03:07 | INFO     | order | [9c1563bb] published to RabbitMQ | queue=orders
2026-09-23 14:03:08 | INFO     | order | [3db035a8] order #19 created | product=Philips Hue Starter Kit E27 | EUR 79.99
2026-09-23 14:03:08 | INFO     | order | [3db035a8] published to RabbitMQ | queue=orders
2026-09-23 14:03:08 | INFO     | order | [036f2ee3] order #20 created | product=Dyson V15 Detect | EUR 549.00
2026-09-23 14:03:08 | INFO     | order | [036f2ee3] published to RabbitMQ | queue=orders
2026-09-23 14:46:40 | INFO     | order | [5becee87] order #21 created | product=Samsung Galaxy Tab S10+ | EUR 799.00
2026-09-23 14:46:40 | INFO     | order | [5becee87] published to RabbitMQ | queue=orders
2026-09-23 15:10:03 | INFO     | order | [dea90107] order #22 created | product=Apple iPhone 16 128GB | EUR 799.00
2026-09-23 15:10:03 | INFO     | order | [dea90107] published to RabbitMQ | queue=orders
2026-09-23 15:10:04 | INFO     | order | [1752e396] order #23 created | product=Apple iPhone 16 128GB | EUR 799.00
2026-09-23 15:10:04 | INFO     | order | [1752e396] published to RabbitMQ | queue=orders
2026-09-23 15:10:04 | INFO     | order | [3523551b] order #24 created | product=Apple iPhone 16 128GB | EUR 799.00
2026-09-23 15:10:04 | INFO     | order | [3523551b] published to RabbitMQ | queue=orders
2026-09-23 15:10:04 | INFO     | order | [a3d97a22] order #25 created | product=Apple iPhone 16 128GB | EUR 799.00
2026-09-23 15:10:04 | INFO     | order | [a3d97a22] published to RabbitMQ | queue=orders
2026-09-23 15:10:04 | INFO     | order | [da156d51] order #26 created | product=Apple iPhone 16 128GB | EUR 799.00
2026-09-23 15:10:04 | INFO     | order | [da156d51] published to RabbitMQ | queue=orders
2026-09-23 15:10:04 | INFO     | order | [187eff63] order #27 created | product=Apple iPhone 16 128GB | EUR 799.00
2026-09-23 15:10:04 | INFO     | order | [187eff63] published to RabbitMQ | queue=orders
2026-09-23 15:10:04 | INFO     | order | [863cd82e] order #28 created | product=Apple iPhone 16 128GB | EUR 799.00
2026-09-23 15:10:04 | INFO     | order | [863cd82e] published to RabbitMQ | queue=orders
2026-09-23 15:10:05 | INFO     | order | [25ea408e] order #29 created | product=Apple iPhone 16 128GB | EUR 799.00
2026-09-23 15:10:05 | INFO     | order | [25ea408e] published to RabbitMQ | queue=orders
2026-09-23 15:10:05 | INFO     | order | [f608bd2b] order #30 created | product=Apple iPhone 16 128GB | EUR 799.00
2026-09-23 15:10:05 | INFO     | order | [f608bd2b] published to RabbitMQ | queue=orders
2026-09-23 15:10:05 | INFO     | order | [6ba56cda] order #31 created | product=Apple iPhone 16 128GB | EUR 799.00
2026-09-23 15:10:05 | INFO     | order | [6ba56cda] published to RabbitMQ | queue=orders
2026-09-23 15:10:05 | INFO     | order | [663001f1] order #32 created | product=Apple iPhone 16 128GB | EUR 799.00
2026-09-23 15:10:05 | INFO     | order | [663001f1] published to RabbitMQ | queue=orders
2026-09-23 15:10:06 | INFO     | order | [eab2d8db] order #33 created | product=Samsung Galaxy S24 128GB | EUR 699.00
2026-09-23 15:10:06 | INFO     | order | [eab2d8db] published to RabbitMQ | queue=orders
2026-09-23 15:10:06 | INFO     | order | [1b809de0] order #34 created | product=Samsung Galaxy S24 128GB | EUR 699.00
2026-09-23 15:10:06 | INFO     | order | [1b809de0] published to RabbitMQ | queue=orders
2026-09-23 15:10:06 | INFO     | order | [7ab6976f] order #35 created | product=Samsung Galaxy S24 128GB | EUR 699.00
2026-09-23 15:10:06 | INFO     | order | [7ab6976f] published to RabbitMQ | queue=orders
2026-09-23 15:10:06 | INFO     | order | [727d3268] order #36 created | product=Samsung Galaxy S24 128GB | EUR 699.00
2026-09-23 15:10:06 | INFO     | order | [727d3268] published to RabbitMQ | queue=orders
2026-09-23 15:10:06 | INFO     | order | [ed91322a] order #37 created | product=Samsung Galaxy S24 128GB | EUR 699.00
2026-09-23 15:10:06 | INFO     | order | [ed91322a] published to RabbitMQ | queue=orders
2026-09-23 15:10:06 | INFO     | order | [4c99c651] order #38 created | product=Samsung Galaxy S24 128GB | EUR 699.00
2026-09-23 15:10:06 | INFO     | order | [4c99c651] published to RabbitMQ | queue=orders
2026-09-23 15:10:06 | INFO     | order | [36b2b36b] order #39 created | product=Samsung Galaxy S24 128GB | EUR 699.00
2026-09-23 15:10:06 | INFO     | order | [36b2b36b] published to RabbitMQ | queue=orders
2026-09-23 15:10:07 | INFO     | order | [96335c08] order #40 created | product=Samsung Galaxy S24 128GB | EUR 699.00
2026-09-23 15:10:07 | INFO     | order | [96335c08] published to RabbitMQ | queue=orders
2026-09-23 15:10:07 | INFO     | order | [1b9a1e4f] order #41 created | product=Samsung Galaxy S24 128GB | EUR 699.00
2026-09-23 15:10:07 | INFO     | order | [1b9a1e4f] published to RabbitMQ | queue=orders
2026-09-23 15:10:07 | INFO     | order | [f906fec3] order #42 created | product=Samsung Galaxy S24 128GB | EUR 699.00
2026-09-23 15:10:07 | INFO     | order | [f906fec3] published to RabbitMQ | queue=orders
2026-09-23 15:10:07 | INFO     | order | [c639cfac] order #43 created | product=Samsung Galaxy S24 128GB | EUR 699.00
2026-09-23 15:10:07 | INFO     | order | [c639cfac] published to RabbitMQ | queue=orders
2026-09-23 15:10:07 | INFO     | order | [d2b40c3f] order #44 created | product=Samsung Galaxy S24 128GB | EUR 699.00
2026-09-23 15:10:07 | INFO     | order | [d2b40c3f] published to RabbitMQ | queue=orders
2026-09-23 15:10:08 | INFO     | order | [14b0027e] order #45 created | product=Xiaomi 14 512GB | EUR 649.00
2026-09-23 15:10:08 | INFO     | order | [14b0027e] published to RabbitMQ | queue=orders
2026-09-23 15:10:08 | INFO     | order | [ce546264] order #46 created | product=Xiaomi 14 512GB | EUR 649.00
2026-09-23 15:10:08 | INFO     | order | [ce546264] published to RabbitMQ | queue=orders
2026-09-23 15:10:08 | INFO     | order | [3784e5c0] order #47 created | product=Xiaomi 14 512GB | EUR 649.00
2026-09-23 15:10:08 | INFO     | order | [3784e5c0] published to RabbitMQ | queue=orders
2026-09-23 15:10:08 | INFO     | order | [c599ca43] order #48 created | product=Xiaomi 14 512GB | EUR 649.00
2026-09-23 15:10:08 | INFO     | order | [c599ca43] published to RabbitMQ | queue=orders
2026-09-23 15:10:09 | INFO     | order | [d1dee2a3] order #49 created | product=Xiaomi 14 512GB | EUR 649.00
2026-09-23 15:10:09 | INFO     | order | [d1dee2a3] published to RabbitMQ | queue=orders
2026-09-23 15:10:09 | INFO     | order | [019ea0aa] order #50 created | product=Xiaomi 14 512GB | EUR 649.00
2026-09-23 15:10:09 | INFO     | order | [019ea0aa] published to RabbitMQ | queue=orders
2026-09-23 15:10:09 | INFO     | order | [e231fde0] order #51 created | product=Xiaomi 14 512GB | EUR 649.00
2026-09-23 15:10:09 | INFO     | order | [e231fde0] published to RabbitMQ | queue=orders
2026-09-23 15:10:09 | INFO     | order | [b23d4a9c] order #52 created | product=MacBook Air 13 inch M3 | EUR 1199.00
2026-09-23 15:10:09 | INFO     | order | [b23d4a9c] published to RabbitMQ | queue=orders
2026-09-23 15:10:10 | INFO     | order | [de13ec58] order #53 created | product=Nothing Phone 2a | EUR 329.00
2026-09-23 15:10:10 | INFO     | order | [de13ec58] published to RabbitMQ | queue=orders
2026-09-23 15:10:11 | INFO     | order | [b57a162b] order #54 created | product=Google Pixel 9 128GB | EUR 749.00
2026-09-23 15:10:11 | INFO     | order | [b57a162b] published to RabbitMQ | queue=orders
2026-09-23 15:10:12 | INFO     | order | [b3106e30] order #55 created | product=MacBook Air 13 inch M3 | EUR 1199.00
2026-09-23 15:10:12 | INFO     | order | [b3106e30] published to RabbitMQ | queue=orders
2026-09-23 15:10:12 | INFO     | order | [9447412b] order #56 created | product=Nothing Phone 2a | EUR 329.00
2026-09-23 15:10:12 | INFO     | order | [9447412b] published to RabbitMQ | queue=orders
2026-09-23 15:10:13 | INFO     | order | [a201bb41] order #57 created | product=Google Pixel 9 128GB | EUR 749.00
2026-09-23 15:10:13 | INFO     | order | [a201bb41] published to RabbitMQ | queue=orders
2026-09-23 15:10:14 | INFO     | order | [19168842] order #58 created | product=Xiaomi 14 512GB | EUR 649.00
2026-09-23 15:10:14 | INFO     | order | [19168842] published to RabbitMQ | queue=orders
2026-09-23 15:10:14 | INFO     | order | [ab398c9a] order #59 created | product=MacBook Air 13 inch M3 | EUR 1199.00
2026-09-23 15:10:14 | INFO     | order | [ab398c9a] published to RabbitMQ | queue=orders
2026-09-23 15:10:15 | INFO     | order | [9265885a] order #60 created | product=Nothing Phone 2a | EUR 329.00
2026-09-23 15:10:15 | INFO     | order | [9265885a] published to RabbitMQ | queue=orders
2026-09-23 15:10:15 | INFO     | order | [b7457d0d] order #61 created | product=Apple iPhone 16 128GB | EUR 799.00
2026-09-23 15:10:15 | INFO     | order | [b7457d0d] published to RabbitMQ | queue=orders
2026-09-23 15:10:16 | INFO     | order | [06533266] order #62 created | product=Samsung Galaxy S24 128GB | EUR 699.00
2026-09-23 15:10:16 | INFO     | order | [06533266] published to RabbitMQ | queue=orders
2026-09-23 15:10:17 | INFO     | order | [175e985c] order #63 created | product=Xiaomi 14 512GB | EUR 649.00
2026-09-23 15:10:17 | INFO     | order | [175e985c] published to RabbitMQ | queue=orders
2026-09-23 15:10:17 | INFO     | order | [20e7cc90] order #64 created | product=Xiaomi 14 512GB | EUR 649.00
2026-09-23 15:10:17 | INFO     | order | [20e7cc90] published to RabbitMQ | queue=orders
2026-09-23 15:10:17 | INFO     | order | [70da78cf] order #65 created | product=Xiaomi 14 512GB | EUR 649.00
2026-09-23 15:10:17 | INFO     | order | [70da78cf] published to RabbitMQ | queue=orders
2026-09-23 15:10:17 | INFO     | order | [0d752bbe] order #66 created | product=Xiaomi 14 512GB | EUR 649.00
2026-09-23 15:10:17 | INFO     | order | [0d752bbe] published to RabbitMQ | queue=orders
2026-09-23 15:10:17 | INFO     | order | [ff5421fb] order #67 created | product=Xiaomi 14 512GB | EUR 649.00
2026-09-23 15:10:17 | INFO     | order | [ff5421fb] published to RabbitMQ | queue=orders
2026-09-23 15:10:18 | INFO     | order | [d4b624c1] order #68 created | product=Xiaomi 14 512GB | EUR 649.00
2026-09-23 15:10:18 | INFO     | order | [d4b624c1] published to RabbitMQ | queue=orders
2026-09-23 15:10:18 | INFO     | order | [0a93847e] order #69 created | product=Xiaomi 14 512GB | EUR 649.00
2026-09-23 15:10:18 | INFO     | order | [0a93847e] published to RabbitMQ | queue=orders
2026-09-23 15:10:18 | INFO     | order | [50d2e8d1] order #70 created | product=Xiaomi 14 512GB | EUR 649.00
2026-09-23 15:10:18 | INFO     | order | [50d2e8d1] published to RabbitMQ | queue=orders
2026-09-23 15:10:18 | INFO     | order | [7a84cd5a] order #71 created | product=Xiaomi 14 512GB | EUR 649.00
2026-09-23 15:10:18 | INFO     | order | [7a84cd5a] published to RabbitMQ | queue=orders
2026-09-23 15:10:18 | INFO     | order | [947c9531] order #72 created | product=Xiaomi 14 512GB | EUR 649.00
2026-09-23 15:10:18 | INFO     | order | [947c9531] published to RabbitMQ | queue=orders
2026-09-23 15:10:18 | INFO     | order | [844f512c] order #73 created | product=Xiaomi 14 512GB | EUR 649.00
2026-09-23 15:10:18 | INFO     | order | [844f512c] published to RabbitMQ | queue=orders
2026-09-23 15:10:18 | INFO     | order | [e7f88cf0] order #74 created | product=Xiaomi 14 512GB | EUR 649.00
2026-09-23 15:10:18 | INFO     | order | [e7f88cf0] published to RabbitMQ | queue=orders
2026-09-23 15:10:18 | INFO     | order | [34008853] order #75 created | product=Xiaomi 14 512GB | EUR 649.00
2026-09-23 15:10:18 | INFO     | order | [34008853] published to RabbitMQ | queue=orders
2026-09-23 15:10:19 | INFO     | order | [b269f5c0] order #76 created | product=Xiaomi 14 512GB | EUR 649.00
2026-09-23 15:10:19 | INFO     | order | [b269f5c0] published to RabbitMQ | queue=orders
2026-09-23 15:10:19 | INFO     | order | [fc7ae59d] order #77 created | product=Xiaomi 14 512GB | EUR 649.00
2026-09-23 15:10:19 | INFO     | order | [fc7ae59d] published to RabbitMQ | queue=orders
2026-09-23 15:10:19 | INFO     | order | [a647f7e6] order #78 created | product=Xiaomi 14 512GB | EUR 649.00
2026-09-23 15:10:19 | INFO     | order | [a647f7e6] published to RabbitMQ | queue=orders
2026-09-23 15:10:19 | INFO     | order | [b7eeab9d] order #79 created | product=Xiaomi 14 512GB | EUR 649.00
2026-09-23 15:10:19 | INFO     | order | [b7eeab9d] published to RabbitMQ | queue=orders
2026-09-23 15:10:19 | INFO     | order | [ce8f4172] order #80 created | product=Xiaomi 14 512GB | EUR 649.00
2026-09-23 15:10:19 | INFO     | order | [ce8f4172] published to RabbitMQ | queue=orders
2026-09-23 15:10:19 | INFO     | order | [1dab343f] order #81 created | product=Xiaomi 14 512GB | EUR 649.00
2026-09-23 15:10:19 | INFO     | order | [1dab343f] published to RabbitMQ | queue=orders
2026-09-23 15:10:19 | INFO     | order | [28014a20] order #82 created | product=Xiaomi 14 512GB | EUR 649.00
2026-09-23 15:10:19 | INFO     | order | [28014a20] published to RabbitMQ | queue=orders
2026-09-23 15:10:20 | INFO     | order | [ec1ae76f] order #83 created | product=Xiaomi 14 512GB | EUR 649.00
2026-09-23 15:10:20 | INFO     | order | [ec1ae76f] published to RabbitMQ | queue=orders
2026-09-23 15:10:20 | INFO     | order | [525cbe66] order #84 created | product=Xiaomi 14 512GB | EUR 649.00
2026-09-23 15:10:20 | INFO     | order | [525cbe66] published to RabbitMQ | queue=orders
2026-09-23 15:10:20 | INFO     | order | [9b06d5e5] order #85 created | product=MacBook Air 13 inch M3 | EUR 1199.00
2026-09-23 15:10:20 | INFO     | order | [9b06d5e5] published to RabbitMQ | queue=orders
2026-09-23 15:10:21 | INFO     | order | [43a854a7] order #86 created | product=MacBook Air 13 inch M3 | EUR 1199.00
2026-09-23 15:10:21 | INFO     | order | [43a854a7] published to RabbitMQ | queue=orders
2026-09-23 15:10:21 | INFO     | order | [7711fa5b] order #87 created | product=MacBook Air 13 inch M3 | EUR 1199.00
2026-09-23 15:10:21 | INFO     | order | [7711fa5b] published to RabbitMQ | queue=orders
2026-09-23 15:10:21 | INFO     | order | [41e4256e] order #88 created | product=MacBook Air 13 inch M3 | EUR 1199.00
2026-09-23 15:10:21 | INFO     | order | [41e4256e] published to RabbitMQ | queue=orders
2026-09-23 15:10:21 | INFO     | order | [cc8e07c6] order #89 created | product=MacBook Air 13 inch M3 | EUR 1199.00
2026-09-23 15:10:21 | INFO     | order | [cc8e07c6] published to RabbitMQ | queue=orders
2026-09-23 15:10:23 | INFO     | order | [bf9c0737] order #90 created | product=Bose QuietComfort Ultra | EUR 429.00
2026-09-23 15:10:23 | INFO     | order | [bf9c0737] published to RabbitMQ | queue=orders
2026-09-23 15:10:23 | INFO     | order | [0a18d0ea] order #91 created | product=Bose QuietComfort Ultra | EUR 429.00
2026-09-23 15:10:23 | INFO     | order | [0a18d0ea] published to RabbitMQ | queue=orders
2026-09-23 15:10:23 | INFO     | order | [d7f922d6] order #92 created | product=Bose QuietComfort Ultra | EUR 429.00
2026-09-23 15:10:23 | INFO     | order | [d7f922d6] published to RabbitMQ | queue=orders
2026-09-23 15:10:23 | INFO     | order | [b1c03908] order #93 created | product=Bose QuietComfort Ultra | EUR 429.00
2026-09-23 15:10:23 | INFO     | order | [b1c03908] published to RabbitMQ | queue=orders
2026-09-23 15:10:23 | INFO     | order | [7bc848fb] order #94 created | product=Bose QuietComfort Ultra | EUR 429.00
2026-09-23 15:10:23 | INFO     | order | [7bc848fb] published to RabbitMQ | queue=orders
2026-09-23 15:10:23 | INFO     | order | [e3914444] order #95 created | product=Bose QuietComfort Ultra | EUR 429.00
2026-09-23 15:10:23 | INFO     | order | [e3914444] published to RabbitMQ | queue=orders
2026-09-23 15:10:24 | INFO     | order | [b73f4567] order #96 created | product=Bose QuietComfort Ultra | EUR 429.00
2026-09-23 15:10:24 | INFO     | order | [b73f4567] published to RabbitMQ | queue=orders
2026-09-23 15:10:32 | INFO     | order | [cd398224] order #97 created | product=Nintendo Switch 2 | EUR 469.00
2026-09-23 15:10:32 | INFO     | order | [cd398224] published to RabbitMQ | queue=orders
2026-09-23 15:10:33 | INFO     | order | [8e75df81] order #98 created | product=Nintendo Switch 2 | EUR 469.00
2026-09-23 15:10:33 | INFO     | order | [8e75df81] published to RabbitMQ | queue=orders
2026-09-23 15:10:33 | INFO     | order | [9d524335] order #99 created | product=Nintendo Switch 2 | EUR 469.00
2026-09-23 15:10:33 | INFO     | order | [9d524335] published to RabbitMQ | queue=orders
2026-09-23 15:10:33 | INFO     | order | [7210971a] order #100 created | product=Nintendo Switch 2 | EUR 469.00
2026-09-23 15:10:33 | INFO     | order | [7210971a] published to RabbitMQ | queue=orders
2026-09-23 15:10:33 | INFO     | order | [61dca07b] order #101 created | product=Nintendo Switch 2 | EUR 469.00
2026-09-23 15:10:33 | INFO     | order | [61dca07b] published to RabbitMQ | queue=orders
2026-09-23 15:10:33 | INFO     | order | [14232034] order #102 created | product=Nintendo Switch 2 | EUR 469.00
2026-09-23 15:10:33 | INFO     | order | [14232034] published to RabbitMQ | queue=orders
2026-09-23 15:10:34 | INFO     | order | [2fdf0ff4] order #103 created | product=Nintendo Switch 2 | EUR 469.00
2026-09-23 15:10:34 | INFO     | order | [2fdf0ff4] published to RabbitMQ | queue=orders
2026-09-23 15:10:34 | INFO     | order | [ac6cd125] order #104 created | product=Nintendo Switch 2 | EUR 469.00
2026-09-23 15:10:34 | INFO     | order | [ac6cd125] published to RabbitMQ | queue=orders
2026-09-23 15:10:34 | INFO     | order | [92ddcb5d] order #105 created | product=Nintendo Switch 2 | EUR 469.00
2026-09-23 15:10:34 | INFO     | order | [92ddcb5d] published to RabbitMQ | queue=orders
2026-09-23 15:10:34 | INFO     | order | [aa3e25a5] order #106 created | product=Nintendo Switch 2 | EUR 469.00
2026-09-23 15:10:34 | INFO     | order | [aa3e25a5] published to RabbitMQ | queue=orders
2026-09-23 15:10:34 | INFO     | order | [fa59954c] order #107 created | product=Nintendo Switch 2 | EUR 469.00
2026-09-23 15:10:34 | INFO     | order | [fa59954c] published to RabbitMQ | queue=orders
2026-09-23 15:10:34 | INFO     | order | [8a42a617] order #108 created | product=Nintendo Switch 2 | EUR 469.00
2026-09-23 15:10:34 | INFO     | order | [8a42a617] published to RabbitMQ | queue=orders
2026-09-23 15:10:34 | INFO     | order | [c33e8298] order #109 created | product=Nintendo Switch 2 | EUR 469.00
2026-09-23 15:10:34 | INFO     | order | [c33e8298] published to RabbitMQ | queue=orders
2026-09-23 15:10:35 | INFO     | order | [46d2d407] order #110 created | product=Nintendo Switch 2 | EUR 469.00
2026-09-23 15:10:35 | INFO     | order | [46d2d407] published to RabbitMQ | queue=orders
2026-09-23 15:14:42 | INFO     | order | [bca72af2] order #111 created | product=Nintendo Switch 2 | EUR 469.00
2026-09-23 15:14:42 | INFO     | order | [bca72af2] published to RabbitMQ | queue=orders
2026-09-23 15:14:42 | INFO     | order | [e4dd8250] order #112 created | product=Nintendo Switch 2 | EUR 469.00
2026-09-23 15:14:42 | INFO     | order | [e4dd8250] published to RabbitMQ | queue=orders
2026-09-23 15:14:42 | INFO     | order | [975a6e9e] order #113 created | product=Nintendo Switch 2 | EUR 469.00
2026-09-23 15:14:42 | INFO     | order | [975a6e9e] published to RabbitMQ | queue=orders
2026-09-23 15:14:42 | INFO     | order | [0ae722e2] order #114 created | product=Nintendo Switch 2 | EUR 469.00
2026-09-23 15:14:42 | INFO     | order | [0ae722e2] published to RabbitMQ | queue=orders
2026-09-23 15:14:42 | INFO     | order | [88bf3930] order #115 created | product=Nintendo Switch 2 | EUR 469.00
2026-09-23 15:14:42 | INFO     | order | [88bf3930] published to RabbitMQ | queue=orders
2026-09-23 15:14:43 | INFO     | order | [db364a06] order #116 created | product=DeLonghi Magnifica Evo | EUR 379.00
2026-09-23 15:14:43 | INFO     | order | [db364a06] published to RabbitMQ | queue=orders
2026-09-23 15:14:43 | INFO     | order | [1b27ad01] order #117 created | product=DeLonghi Magnifica Evo | EUR 379.00
2026-09-23 15:14:43 | INFO     | order | [1b27ad01] published to RabbitMQ | queue=orders
2026-09-23 15:14:44 | INFO     | order | [90291224] order #118 created | product=DeLonghi Magnifica Evo | EUR 379.00
2026-09-23 15:14:44 | INFO     | order | [90291224] published to RabbitMQ | queue=orders
2026-09-23 15:14:44 | INFO     | order | [977db78a] order #119 created | product=Miele Boost CX1 | EUR 349.00
2026-09-23 15:14:44 | INFO     | order | [977db78a] published to RabbitMQ | queue=orders
2026-09-23 15:14:44 | INFO     | order | [4a89185e] order #120 created | product=Miele Boost CX1 | EUR 349.00
2026-09-23 15:14:44 | INFO     | order | [4a89185e] published to RabbitMQ | queue=orders
2026-09-23 15:14:44 | INFO     | order | [cb56193f] order #121 created | product=Miele Boost CX1 | EUR 349.00
2026-09-23 15:14:45 | INFO     | order | [cb56193f] published to RabbitMQ | queue=orders
2026-09-23 15:14:45 | INFO     | order | [dfd8a8cc] order #122 created | product=Miele Boost CX1 | EUR 349.00
2026-09-23 15:14:45 | INFO     | order | [dfd8a8cc] published to RabbitMQ | queue=orders
2026-09-23 15:14:45 | INFO     | order | [cedc7d76] order #123 created | product=Miele Boost CX1 | EUR 349.00
2026-09-23 15:14:45 | INFO     | order | [cedc7d76] published to RabbitMQ | queue=orders
2026-09-23 15:14:45 | INFO     | order | [11ecee16] order #124 created | product=Miele Boost CX1 | EUR 349.00
2026-09-23 15:14:45 | INFO     | order | [11ecee16] published to RabbitMQ | queue=orders
2026-09-23 15:14:45 | INFO     | order | [aa884abc] order #125 created | product=Miele Boost CX1 | EUR 349.00
2026-09-23 15:14:45 | INFO     | order | [aa884abc] published to RabbitMQ | queue=orders
2026-09-23 15:14:45 | INFO     | order | [839ccc05] order #126 created | product=Miele Boost CX1 | EUR 349.00
2026-09-23 15:14:45 | INFO     | order | [839ccc05] published to RabbitMQ | queue=orders
2026-09-23 15:14:45 | INFO     | order | [12e50929] order #127 created | product=Miele Boost CX1 | EUR 349.00
2026-09-23 15:14:45 | INFO     | order | [12e50929] published to RabbitMQ | queue=orders
2026-09-23 15:14:46 | INFO     | order | [a168f888] order #128 created | product=Miele Boost CX1 | EUR 349.00
2026-09-23 15:14:46 | INFO     | order | [a168f888] published to RabbitMQ | queue=orders
2026-09-23 15:14:46 | INFO     | order | [c3812b01] order #129 created | product=Miele Boost CX1 | EUR 349.00
2026-09-23 15:14:46 | INFO     | order | [c3812b01] published to RabbitMQ | queue=orders
2026-09-23 15:14:46 | INFO     | order | [11b73ed0] order #130 created | product=Miele Boost CX1 | EUR 349.00
2026-09-23 15:14:46 | INFO     | order | [11b73ed0] published to RabbitMQ | queue=orders
2026-09-23 15:14:47 | INFO     | order | [e5adb68c] order #131 created | product=PlayStation 5 Pro | EUR 799.00
2026-09-23 15:14:47 | INFO     | order | [e5adb68c] published to RabbitMQ | queue=orders
2026-09-23 15:14:47 | INFO     | order | [cd12957c] order #132 created | product=PlayStation 5 Pro | EUR 799.00
2026-09-23 15:14:47 | INFO     | order | [cd12957c] published to RabbitMQ | queue=orders
2026-09-23 15:14:47 | INFO     | order | [abd8a133] order #133 created | product=PlayStation 5 Pro | EUR 799.00
2026-09-23 15:14:47 | INFO     | order | [abd8a133] published to RabbitMQ | queue=orders
2026-09-23 15:14:47 | INFO     | order | [1737431e] order #134 created | product=PlayStation 5 Pro | EUR 799.00
2026-09-23 15:14:47 | INFO     | order | [1737431e] published to RabbitMQ | queue=orders
2026-09-23 15:14:47 | INFO     | order | [1d463796] order #135 created | product=PlayStation 5 Pro | EUR 799.00
2026-09-23 15:14:47 | INFO     | order | [1d463796] published to RabbitMQ | queue=orders
2026-09-23 15:14:47 | INFO     | order | [7ae8942a] order #136 created | product=PlayStation 5 Pro | EUR 799.00
2026-09-23 15:14:48 | INFO     | order | [7ae8942a] published to RabbitMQ | queue=orders
2026-09-23 15:14:48 | INFO     | order | [8686e4a5] order #137 created | product=PlayStation 5 Pro | EUR 799.00
2026-09-23 15:14:48 | INFO     | order | [8686e4a5] published to RabbitMQ | queue=orders
2026-09-23 15:14:48 | INFO     | order | [5f82dac8] order #138 created | product=PlayStation 5 Pro | EUR 799.00
2026-09-23 15:14:48 | INFO     | order | [5f82dac8] published to RabbitMQ | queue=orders
2026-09-23 15:24:14 | INFO     | order | [b92a425f] order #139 created | product=Nintendo Switch 2 | EUR 469.00
2026-09-23 15:24:14 | INFO     | order | [b92a425f] published to RabbitMQ | queue=orders
2026-09-23 15:24:14 | INFO     | order | [b3e0dfc7] order #140 created | product=Nintendo Switch 2 | EUR 469.00
2026-09-23 15:24:14 | INFO     | order | [b3e0dfc7] published to RabbitMQ | queue=orders
2026-09-23 15:24:15 | INFO     | order | [f1d1c955] order #141 created | product=Nintendo Switch 2 | EUR 469.00
2026-09-23 15:24:15 | INFO     | order | [f1d1c955] published to RabbitMQ | queue=orders
2026-09-23 15:24:15 | INFO     | order | [cba784df] order #142 created | product=Nintendo Switch 2 | EUR 469.00
2026-09-23 15:24:15 | INFO     | order | [cba784df] published to RabbitMQ | queue=orders
2026-09-23 15:24:15 | INFO     | order | [cc819beb] order #143 created | product=Nintendo Switch 2 | EUR 469.00
2026-09-23 15:24:15 | INFO     | order | [cc819beb] published to RabbitMQ | queue=orders
2026-09-23 15:24:15 | INFO     | order | [06aff8f7] order #144 created | product=Nintendo Switch 2 | EUR 469.00
2026-09-23 15:24:15 | INFO     | order | [06aff8f7] published to RabbitMQ | queue=orders
2026-09-23 15:24:15 | INFO     | order | [3ebdcd4d] order #145 created | product=Nintendo Switch 2 | EUR 469.00
2026-09-23 15:24:15 | INFO     | order | [3ebdcd4d] published to RabbitMQ | queue=orders
2026-09-23 15:24:15 | INFO     | order | [f069021d] order #146 created | product=Nintendo Switch 2 | EUR 469.00
2026-09-23 15:24:15 | INFO     | order | [f069021d] published to RabbitMQ | queue=orders
2026-09-23 15:24:16 | INFO     | order | [917cac23] order #147 created | product=Nintendo Switch 2 | EUR 469.00
2026-09-23 15:24:16 | INFO     | order | [917cac23] published to RabbitMQ | queue=orders
2026-09-23 15:24:16 | INFO     | order | [ee094f7f] order #148 created | product=Nintendo Switch 2 | EUR 469.00
2026-09-23 15:24:16 | INFO     | order | [ee094f7f] published to RabbitMQ | queue=orders
2026-09-23 15:24:16 | INFO     | order | [8593254c] order #149 created | product=Nintendo Switch 2 | EUR 469.00
2026-09-23 15:24:16 | INFO     | order | [8593254c] published to RabbitMQ | queue=orders
2026-09-23 15:24:16 | INFO     | order | [dbae2774] order #150 created | product=Nintendo Switch 2 | EUR 469.00
2026-09-23 15:24:16 | INFO     | order | [dbae2774] published to RabbitMQ | queue=orders
2026-09-23 15:24:16 | INFO     | order | [6455816b] order #151 created | product=Nintendo Switch 2 | EUR 469.00
2026-09-23 15:24:16 | INFO     | order | [6455816b] published to RabbitMQ | queue=orders
2026-09-23 15:24:16 | INFO     | order | [87c46ec8] order #152 created | product=Nintendo Switch 2 | EUR 469.00
2026-09-23 15:24:16 | INFO     | order | [87c46ec8] published to RabbitMQ | queue=orders
2026-09-23 15:24:17 | INFO     | order | [297505b7] order #153 created | product=PlayStation 5 Pro | EUR 799.00
2026-09-23 15:24:17 | INFO     | order | [297505b7] published to RabbitMQ | queue=orders
2026-09-23 15:24:17 | INFO     | order | [64fc0e64] order #154 created | product=PlayStation 5 Pro | EUR 799.00
2026-09-23 15:24:17 | INFO     | order | [64fc0e64] published to RabbitMQ | queue=orders
2026-09-23 15:24:17 | INFO     | order | [d6d017fe] order #155 created | product=PlayStation 5 Pro | EUR 799.00
2026-09-23 15:24:17 | INFO     | order | [d6d017fe] published to RabbitMQ | queue=orders
2026-09-23 15:24:18 | INFO     | order | [563e1f6a] order #156 created | product=PlayStation 5 Pro | EUR 799.00
2026-09-23 15:24:18 | INFO     | order | [563e1f6a] published to RabbitMQ | queue=orders
2026-09-23 15:24:18 | INFO     | order | [750a11fc] order #157 created | product=PlayStation 5 Pro | EUR 799.00
2026-09-23 15:24:18 | INFO     | order | [750a11fc] published to RabbitMQ | queue=orders
2026-09-23 15:24:18 | INFO     | order | [861352ac] order #158 created | product=PlayStation 5 Pro | EUR 799.00
2026-09-23 15:24:18 | INFO     | order | [861352ac] published to RabbitMQ | queue=orders
2026-09-23 15:24:18 | INFO     | order | [092b63c9] order #159 created | product=PlayStation 5 Pro | EUR 799.00
2026-09-23 15:24:18 | INFO     | order | [092b63c9] published to RabbitMQ | queue=orders
2026-09-23 15:24:18 | INFO     | order | [c17911d6] order #160 created | product=PlayStation 5 Pro | EUR 799.00
2026-09-23 15:24:18 | INFO     | order | [c17911d6] published to RabbitMQ | queue=orders
2026-09-23 15:24:18 | INFO     | order | [8ff65d22] order #161 created | product=PlayStation 5 Pro | EUR 799.00
2026-09-23 15:24:18 | INFO     | order | [8ff65d22] published to RabbitMQ | queue=orders
2026-09-23 15:24:19 | INFO     | order | [4ce5c67f] order #162 created | product=PlayStation 5 Pro | EUR 799.00
2026-09-23 15:24:19 | INFO     | order | [4ce5c67f] published to RabbitMQ | queue=orders
2026-09-23 15:24:19 | INFO     | order | [9d1012ce] order #163 created | product=PlayStation 5 Pro | EUR 799.00
2026-09-23 15:24:19 | INFO     | order | [9d1012ce] published to RabbitMQ | queue=orders
2026-09-23 15:24:19 | INFO     | order | [8188e39d] order #164 created | product=PlayStation 5 Pro | EUR 799.00
2026-09-23 15:24:19 | INFO     | order | [8188e39d] published to RabbitMQ | queue=orders
2026-09-23 15:24:19 | INFO     | order | [8072af78] order #165 created | product=PlayStation 5 Pro | EUR 799.00
2026-09-23 15:24:19 | INFO     | order | [8072af78] published to RabbitMQ | queue=orders
2026-09-23 15:24:19 | INFO     | order | [92ae5690] order #166 created | product=PlayStation 5 Pro | EUR 799.00
2026-09-23 15:24:19 | INFO     | order | [92ae5690] published to RabbitMQ | queue=orders
2026-09-23 15:24:20 | INFO     | order | [6f184cb0] order #167 created | product=DeLonghi Magnifica Evo | EUR 379.00
2026-09-23 15:24:20 | INFO     | order | [6f184cb0] published to RabbitMQ | queue=orders
2026-09-23 15:24:20 | INFO     | order | [92b519ef] order #168 created | product=DeLonghi Magnifica Evo | EUR 379.00
2026-09-23 15:24:20 | INFO     | order | [92b519ef] published to RabbitMQ | queue=orders
2026-09-23 15:24:20 | INFO     | order | [31051ada] order #169 created | product=DeLonghi Magnifica Evo | EUR 379.00
2026-09-23 15:24:20 | INFO     | order | [31051ada] published to RabbitMQ | queue=orders
2026-09-23 15:24:20 | INFO     | order | [36229bcf] order #170 created | product=DeLonghi Magnifica Evo | EUR 379.00
2026-09-23 15:24:20 | INFO     | order | [36229bcf] published to RabbitMQ | queue=orders
2026-09-23 15:24:20 | INFO     | order | [d401ed89] order #171 created | product=DeLonghi Magnifica Evo | EUR 379.00
2026-09-23 15:24:20 | INFO     | order | [d401ed89] published to RabbitMQ | queue=orders
2026-09-23 15:24:21 | INFO     | order | [2425b10c] order #172 created | product=DeLonghi Magnifica Evo | EUR 379.00
2026-09-23 15:24:21 | INFO     | order | [2425b10c] published to RabbitMQ | queue=orders
2026-09-23 15:24:21 | INFO     | order | [a79ee145] order #173 created | product=Miele Boost CX1 | EUR 349.00
2026-09-23 15:24:21 | INFO     | order | [a79ee145] published to RabbitMQ | queue=orders
2026-09-23 15:24:21 | INFO     | order | [10821fc2] order #174 created | product=Miele Boost CX1 | EUR 349.00
2026-09-23 15:24:21 | INFO     | order | [10821fc2] published to RabbitMQ | queue=orders
2026-09-23 15:24:22 | INFO     | order | [cbfb4e93] order #175 created | product=Miele Boost CX1 | EUR 349.00
2026-09-23 15:24:22 | INFO     | order | [cbfb4e93] published to RabbitMQ | queue=orders
2026-09-23 15:24:22 | INFO     | order | [ac070f21] order #176 created | product=Miele Boost CX1 | EUR 349.00
2026-09-23 15:24:22 | INFO     | order | [ac070f21] published to RabbitMQ | queue=orders
2026-09-23 15:24:22 | INFO     | order | [7c29fd83] order #177 created | product=Miele Boost CX1 | EUR 349.00
2026-09-23 15:24:22 | INFO     | order | [7c29fd83] published to RabbitMQ | queue=orders
2026-09-23 15:24:22 | INFO     | order | [15afb706] order #178 created | product=Miele Boost CX1 | EUR 349.00
2026-09-23 15:24:22 | INFO     | order | [15afb706] published to RabbitMQ | queue=orders
2026-09-23 15:24:22 | INFO     | order | [a3e44c2e] order #179 created | product=Miele Boost CX1 | EUR 349.00
2026-09-23 15:24:22 | INFO     | order | [a3e44c2e] published to RabbitMQ | queue=orders
2026-09-23 15:24:23 | INFO     | order | [ddec6c00] order #180 created | product=Nothing Phone 2a | EUR 329.00
2026-09-23 15:24:24 | INFO     | order | [ddec6c00] published to RabbitMQ | queue=orders
2026-09-23 15:24:24 | INFO     | order | [ec4fd8f6] order #181 created | product=Nothing Phone 2a | EUR 329.00
2026-09-23 15:24:24 | INFO     | order | [ec4fd8f6] published to RabbitMQ | queue=orders
2026-09-23 15:24:24 | INFO     | order | [c7ddc980] order #182 created | product=Nothing Phone 2a | EUR 329.00
2026-09-23 15:24:24 | INFO     | order | [c7ddc980] published to RabbitMQ | queue=orders
2026-09-23 15:24:24 | INFO     | order | [8c0f30a6] order #183 created | product=Nothing Phone 2a | EUR 329.00
2026-09-23 15:24:24 | INFO     | order | [8c0f30a6] published to RabbitMQ | queue=orders
2026-09-23 15:24:24 | INFO     | order | [2199e9bf] order #184 created | product=Nothing Phone 2a | EUR 329.00
2026-09-23 15:24:24 | INFO     | order | [2199e9bf] published to RabbitMQ | queue=orders
2026-09-23 15:24:25 | INFO     | order | [417704a2] order #185 created | product=Nothing Phone 2a | EUR 329.00
2026-09-23 15:24:25 | INFO     | order | [417704a2] published to RabbitMQ | queue=orders
2026-09-23 15:24:25 | INFO     | order | [d0d437e5] order #186 created | product=MacBook Air 13 inch M3 | EUR 1199.00
2026-09-23 15:24:25 | INFO     | order | [d0d437e5] published to RabbitMQ | queue=orders
2026-09-23 15:24:26 | INFO     | order | [7233bf60] order #187 created | product=MacBook Air 13 inch M3 | EUR 1199.00
2026-09-23 15:24:26 | INFO     | order | [7233bf60] published to RabbitMQ | queue=orders
2026-09-23 15:24:26 | INFO     | order | [26db45cc] order #188 created | product=MacBook Air 13 inch M3 | EUR 1199.00
2026-09-23 15:24:26 | INFO     | order | [26db45cc] published to RabbitMQ | queue=orders
